 PhysXCooking_64

 Timestamp is 61c61ba2 (Fri Dec 24 11:12:34 2021)

 Preferred load address is 0000000180000000

 Start         Length     Name                   Class
 0001:00000000 000003c0H .text$di                CODE
 0001:000003c0 00043670H .text$mn                CODE
 0001:00043a30 00000040H .text$mn$00             CODE
 0001:00043a70 00000490H .text$x                 CODE
 0002:00000000 00000258H .idata$5                DATA
 0002:00000258 00000028H .00cfg                  DATA
 0002:00000280 00000008H .CRT$XCA                DATA
 0002:00000288 000001e0H .CRT$XCU                DATA
 0002:00000468 00000008H .CRT$XCZ                DATA
 0002:00000470 00000008H .CRT$XIA                DATA
 0002:00000478 00000018H .CRT$XIC                DATA
 0002:00000490 00000008H .CRT$XIZ                DATA
 0002:00000498 00000008H .CRT$XPA                DATA
 0002:000004a0 00000010H .CRT$XPX                DATA
 0002:000004b0 00000008H .CRT$XPXA               DATA
 0002:000004b8 00000008H .CRT$XPZ                DATA
 0002:000004c0 00000008H .CRT$XTA                DATA
 0002:000004c8 00000008H .CRT$XTZ                DATA
 0002:000004d0 00000000H .gehcont$y              DATA
 0002:000004d0 00000000H .gfids$y                DATA
 0002:000004d0 0000b930H .rdata                  DATA
 0002:0000be00 00000000H .rdata$CastGuardVftablesA DATA
 0002:0000be00 00000000H .rdata$CastGuardVftablesC DATA
 0002:0000be00 0000043cH .rdata$r                DATA
 0002:0000c23c 00000150H .rdata$voltmd           DATA
 0002:0000c38c 00000424H .rdata$zzzdbg           DATA
 0002:0000c7b0 00000008H .rtc$IAA                DATA
 0002:0000c7b8 00000008H .rtc$IZZ                DATA
 0002:0000c7c0 00000008H .rtc$TAA                DATA
 0002:0000c7c8 00000008H .rtc$TZZ                DATA
 0002:0000c7d0 00003c18H .xdata                  DATA
 0002:000103e8 00000084H .xdata$x                DATA
 0002:0001046c 00000040H .didat$2                DATA
 0002:000104ac 00000024H .didat$3                DATA
 0002:000104d0 000001b0H .didat$4                DATA
 0002:00010680 00000a50H .didat$6                DATA
 0002:000110d0 000001b0H .didat$7                DATA
 0002:00011280 00001d34H .edata                  DATA
 0002:00012fb4 00000014H .idata$2                DATA
 0002:00012fc8 00000018H .idata$3                DATA
 0002:00012fe0 00000258H .idata$4                DATA
 0002:00013238 0000057cH .idata$6                DATA
 0003:00000000 00000a30H .data                   DATA
 0003:00000a30 00000358H .data$r                 DATA
 0003:00000d88 000000f0H .data$rs                DATA
 0003:00000e78 000001b8H .didat$5                DATA
 0003:00001030 000015e0H .bss                    DATA
 0004:00000000 000030fcH .pdata                  DATA
 0005:00000000 0000230cH _RDATA                  DATA
 0006:00000000 000000a0H .rsrc$01                DATA
 0006:000000a0 000004b0H .rsrc$02                DATA

  Address         Publics by Value              Rva+Base               Lib:Object

 0000:00000000       ___safe_se_handler_count   0000000000000000     <absolute>
 0000:00000000       __arm64x_extra_rfe_table_size 0000000000000000     <absolute>
 0000:00000000       __hybrid_code_map          0000000000000000     <absolute>
 0000:00000000       ___safe_se_handler_table   0000000000000000     <absolute>
 0000:00000000       __arm64x_redirection_metadata 0000000000000000     <absolute>
 0000:00000000       __guard_iat_table          0000000000000000     <absolute>
 0000:00000000       __guard_iat_count          0000000000000000     <absolute>
 0000:00000000       __guard_longjmp_count      0000000000000000     <absolute>
 0000:00000000       __dynamic_value_reloc_table 0000000000000000     <absolute>
 0000:00000000       __guard_eh_cont_count      0000000000000000     <absolute>
 0000:00000000       __hybrid_auxiliary_iat     0000000000000000     <absolute>
 0000:00000000       __x64_code_ranges_to_entry_points_count 0000000000000000     <absolute>
 0000:00000000       __hybrid_auxiliary_iat_copy 0000000000000000     <absolute>
 0000:00000000       __AbsoluteZero             0000000000000000     <absolute>
 0000:00000000       __arm64x_extra_rfe_table   0000000000000000     <absolute>
 0000:00000000       __guard_check_icall_a64n_fptr 0000000000000000     <absolute>
 0000:00000000       __guard_longjmp_table      0000000000000000     <absolute>
 0000:00000000       __guard_fids_table         0000000000000000     <absolute>
 0000:00000000       __x64_code_ranges_to_entry_points 0000000000000000     <absolute>
 0000:00000000       __arm64x_redirection_metadata_count 0000000000000000     <absolute>
 0000:00000000       __enclave_config           0000000000000000     <absolute>
 0000:00000000       __guard_eh_cont_table      0000000000000000     <absolute>
 0000:00000000       __arm64x_native_entrypoint 0000000000000000     <absolute>
 0000:00000000       __hybrid_code_map_count    0000000000000000     <absolute>
 0000:00000000       __guard_fids_count         0000000000000000     <absolute>
 0000:00000100       __guard_flags              0000000000000100     <absolute>
 0000:00000000       __ImageBase                0000000180000000     <linker-defined>
 0001:000003c0       ??$?_UV?$ReflectionAllocator@VAdjTriangle@physx@@@shdfnd@physx@@@UserAllocated@shdfnd@physx@@SAPEAX_KV?$ReflectionAllocator@VAdjTriangle@physx@@@12@PEBDH@Z 00000001800013c0 f i Adjacencies.obj
 0001:00000460       ??0AdjacenciesBuilder@physx@@QEAA@XZ 0000000180001460 f   Adjacencies.obj
 0001:00000470       ??0Allocator@shdfnd@physx@@QEAA@PEBD@Z 0000000180001470 f i Adjacencies.obj
 0001:00000470       ??4Allocator@shdfnd@physx@@QEAAAEAV012@AEBV012@@Z 0000000180001470 f i Adjacencies.obj
 0001:00000470       ??0AABBTreeBuildNode@Gu@physx@@QEAA@XZ 0000000180001470 f i BVHStructureBuilder.obj
 0001:00000470       ?getPaddedBounds@HeightFieldData@Gu@physx@@QEBAAEBVCenterExtentsPadded@23@XZ 0000000180001470 f i Cooking.obj
 0001:00000470       ??0Box@Gu@physx@@QEAA@XZ   0000000180001470 f i ConvexHullUtils.obj
 0001:00000470       ??0HeightFieldData@Gu@physx@@QEAA@W4PxEMPTY@2@@Z 0000000180001470 f i Cooking.obj
 0001:00000470       ??$forward@_K@std@@YA$$QEA_KAEA_K@Z 0000000180001470 f i libvcruntime:undname.obj
 0001:00000470       ??4Allocator@shdfnd@physx@@QEAAAEAV012@$$QEAV012@@Z 0000000180001470 f i Adjacencies.obj
 0001:00000470       ??4PxFoundation@physx@@QEAAAEAV01@AEBV01@@Z 0000000180001470 f i Adjacencies.obj
 0001:00000470       ??0BigConvexData@physx@@QEAA@W4PxEMPTY@1@@Z 0000000180001470 f i BigConvexDataBuilder.obj
 0001:00000470       ??4MutexImpl@shdfnd@physx@@QEAAAEAV012@AEBV012@@Z 0000000180001470 f i Adjacencies.obj
 0001:00000470       ?getAABB@AABBTreeBuildNode@Gu@physx@@QEBAAEBVPxBounds3@3@XZ 0000000180001470 f i BVHStructureBuilder.obj
 0001:00000480       ??0PxFoundation@physx@@QEAA@AEBV01@@Z 0000000180001480 f i Adjacencies.obj
 0001:00000480       ??0PxFoundation@physx@@QEAA@XZ 0000000180001480 f i Adjacencies.obj
 0001:00000490       ??1Adjacencies@physx@@QEAA@XZ 0000000180001490 f   Adjacencies.obj
 0001:00000500       ??1AdjacenciesBuilder@physx@@QEAA@XZ 0000000180001500 f   Adjacencies.obj
 0001:00000510       ??1PxFoundation@physx@@MEAA@XZ 0000000180001510 f i Adjacencies.obj
 0001:00000520       ??_EPxFoundation@physx@@MEAAPEAXI@Z 0000000180001520 f i Adjacencies.obj
 0001:000005b0       ??1Box@Gu@physx@@QEAA@XZ   00000001800015b0 f i ConvexHullUtils.obj
 0001:000005b0       ??_FAllocator@shdfnd@physx@@QEAAXXZ 00000001800015b0 f i Adjacencies.obj
 0001:000005b0       ??1HeightFieldData@Gu@physx@@QEAA@XZ 00000001800015b0 f i Cooking.obj
 0001:000005b0       ??1AABBTreeBuildNode@Gu@physx@@QEAA@XZ 00000001800015b0 f i BVHStructureBuilder.obj
 0001:000005b0       ??1BigConvexDataBuilder@physx@@QEAA@XZ 00000001800015b0 f i BigConvexDataBuilder.obj
 0001:000005b0       _guard_check_icall_nop     00000001800015b0 f i LIBCMT:guard_support.obj
 0001:000005b0       ?onMeshIndexFormatChange@TriangleMeshBuilder@physx@@UEAAXXZ 00000001800015b0 f i TriangleMeshBuilder.obj
 0001:000005c0       ??_FNamedAllocator@shdfnd@physx@@QEAAXXZ 00000001800015c0 f i Adjacencies.obj
 0001:000005d0       ?ComputeNbBoundaryEdges@Adjacencies@physx@@QEBAIXZ 00000001800015d0 f   Adjacencies.obj
 0001:000008b0       ?GetNbHits@RadixSort@Cm@physx@@QEBAIXZ 00000001800018b0 f i Adjacencies.obj
 0001:000008c0       ?GetNbTotalCalls@RadixSort@Cm@physx@@QEBAIXZ 00000001800018c0 f i Adjacencies.obj
 0001:000008d0       ?GetRanks@RadixSort@Cm@physx@@QEBAPEBIXZ 00000001800018d0 f i Adjacencies.obj
 0001:000008d0       ?getErrorCallback@Foundation@shdfnd@physx@@UEAAAEAVPxErrorCallback@3@XZ 00000001800018d0 f i Adjacencies.obj
 0001:000008e0       ?GetRecyclable@RadixSort@Cm@physx@@QEBAPEAIXZ 00000001800018e0 f i Adjacencies.obj
 0001:000008e0       ?getPos@AABBTreeBuildNode@Gu@physx@@QEBAPEBV123@XZ 00000001800018e0 f i BVHStructureBuilder.obj
 0001:000008e0       ?GetValencies@BigConvexData@physx@@QEBAPEBUValency@Gu@2@XZ 00000001800018e0 f i BigConvexDataBuilder.obj
 0001:000008f0       ?Init@AdjacenciesBuilder@physx@@QEAA_NAEBUADJACENCIESCREATE@2@@Z 00000001800018f0 f   Adjacencies.obj
 0001:00000ea0       ?getAllocator@Foundation@shdfnd@physx@@QEAAAEAVPxAllocatorCallback@3@XZ 0000000180001ea0 f i Adjacencies.obj
 0001:00000eb0       ?getAllocatorCallback@Foundation@shdfnd@physx@@UEAAAEAVPxAllocatorCallback@3@XZ 0000000180001eb0 f i Adjacencies.obj
 0001:00000ec0       ?getErrorLevel@Foundation@shdfnd@physx@@UEBA?AW4Enum@PxErrorCode@3@XZ 0000000180001ec0 f i Adjacencies.obj
 0001:00000ed0       ?getInternalErrorCallback@Foundation@shdfnd@physx@@QEAAAEAVPxErrorCallback@3@XZ 0000000180001ed0 f i Adjacencies.obj
 0001:00000ee0       ?getNamedAllocMap@Foundation@shdfnd@physx@@QEAAAEAV?$HashMap@PEBVNamedAllocator@shdfnd@physx@@PEBDU?$Hash@PEBVNamedAllocator@shdfnd@physx@@@23@VNonTrackingAllocator@23@@23@XZ 0000000180001ee0 f i Adjacencies.obj
 0001:00000ef0       ?getNamedAllocMutex@Foundation@shdfnd@physx@@QEAAAEAV?$MutexT@VAllocator@shdfnd@physx@@@23@XZ 0000000180001ef0 f i Adjacencies.obj
 0001:00000f00       ?getReportAllocationNames@Foundation@shdfnd@physx@@UEBA_NXZ 0000000180001f00 f i Adjacencies.obj
 0001:00000f10       ?getTempAllocFreeTable@Foundation@shdfnd@physx@@QEAAAEAV?$Array@PEATTempAllocatorChunk@shdfnd@physx@@VAllocator@23@@23@XZ 0000000180001f10 f i Adjacencies.obj
 0001:00000f20       ?getTempAllocMutex@Foundation@shdfnd@physx@@QEAAAEAV?$MutexT@VAllocator@shdfnd@physx@@@23@XZ 0000000180001f20 f i Adjacencies.obj
 0001:00000f30       ?invalidateRanks@RadixSort@Cm@physx@@QEAAXXZ 0000000180001f30 f i Adjacencies.obj
 0001:00000f40       ?setErrorLevel@Foundation@shdfnd@physx@@UEAAXW4Enum@PxErrorCode@3@@Z 0000000180001f40 f i Adjacencies.obj
 0001:00000f50       ?setReportAllocationNames@Foundation@shdfnd@physx@@UEAAX_N@Z 0000000180001f50 f i Adjacencies.obj
 0001:00000f60       ??0DebugText@Cm@physx@@QEAA@AEBU012@@Z 0000000180001f60 f i Cooking.obj
 0001:00000f60       ??0DebugText@Cm@physx@@QEAA@$$QEAU012@@Z 0000000180001f60 f i Cooking.obj
 0001:00001040       ??4HeightFieldData@Gu@physx@@QEAAAEAU012@AEBU012@@Z 0000000180002040 f i Cooking.obj
 0001:00001040       ??0HeightFieldData@Gu@physx@@QEAA@AEBU012@@Z 0000000180002040 f i Cooking.obj
 0001:00001040       ??4HeightFieldData@Gu@physx@@QEAAAEAU012@$$QEAU012@@Z 0000000180002040 f i Cooking.obj
 0001:00001040       ??0HeightFieldData@Gu@physx@@QEAA@$$QEAU012@@Z 0000000180002040 f i Cooking.obj
 0001:000010a0       ??0HeightFieldData@Gu@physx@@QEAA@XZ 00000001800020a0 f i Cooking.obj
 0001:000010b0       ??0RenderOutput@Cm@physx@@QEAA@AEAVRenderBuffer@12@@Z 00000001800020b0 f i Cooking.obj
 0001:00001100       ??0RenderOutput@Cm@physx@@QEAA@AEBV012@@Z 0000000180002100 f i Cooking.obj
 0001:000011a0       ??1PxHeightField@physx@@MEAA@XZ 00000001800021a0 f i Cooking.obj
 0001:000011a0       ??1PxConvexMesh@physx@@MEAA@XZ 00000001800021a0 f i Cooking.obj
 0001:000011b0       ??4DebugText@Cm@physx@@QEAAAEAU012@$$QEAU012@@Z 00000001800021b0 f i Cooking.obj
 0001:000011b0       ??4DebugText@Cm@physx@@QEAAAEAU012@AEBU012@@Z 00000001800021b0 f i Cooking.obj
 0001:000012e0       ??4FPUGuard@shdfnd@physx@@QEAAAEAV012@AEBV012@@Z 00000001800022e0 f i Cooking.obj
 0001:00001300       ??_ECooking@physx@@UEAAPEAXI@Z 0000000180002300 f i Cooking.obj
 0001:00001300       ??_GCooking@physx@@UEAAPEAXI@Z 0000000180002300 f i Cooking.obj
 0001:00001350       ??_EPxBase@physx@@MEAAPEAXI@Z 0000000180002350 f i Cooking.obj
 0001:00001350       ??_GPxBase@physx@@MEAAPEAXI@Z 0000000180002350 f i Cooking.obj
 0001:00001380       ??_EPxCooking@physx@@MEAAPEAXI@Z 0000000180002380 f i Cooking.obj
 0001:00001380       ??_GPxCooking@physx@@MEAAPEAXI@Z 0000000180002380 f i Cooking.obj
 0001:000013b0       ?computeHullPolygons@Cooking@physx@@UEBA_NAEBVPxSimpleTriangleMesh@2@AEAVPxAllocatorCallback@2@AEAIAEAPEAVPxVec3@2@2AEAPEAI2AEAPEAUPxHullPolygon@2@@Z 00000001800023b0 f   Cooking.obj
 0001:00001590       ?cookBVHStructure@Cooking@physx@@UEBA_NAEBVPxBVHStructureDesc@2@AEAVPxOutputStream@2@@Z 0000000180002590 f   Cooking.obj
 0001:00001670       ?cookConvexMesh@Cooking@physx@@UEBA_NAEBVPxConvexMeshDesc@2@AEAVPxOutputStream@2@PEAW4Enum@PxConvexMeshCookingResult@2@@Z 0000000180002670 f   Cooking.obj
 0001:00001850       ?cookConvexMeshInternal@Cooking@physx@@AEBA_NAEBVPxConvexMeshDesc@2@AEAVConvexMeshBuilder@2@PEAVConvexHullLib@2@PEAW4Enum@PxConvexMeshCookingResult@2@@Z 0000000180002850 f   Cooking.obj
 0001:00001ac0       ?cookHeightField@Cooking@physx@@UEBA_NAEBVPxHeightFieldDesc@2@AEAVPxOutputStream@2@@Z 0000000180002ac0 f   Cooking.obj
 0001:00001bc0       ?cookTriangleMesh@Cooking@physx@@UEBA_NAEBVPxTriangleMeshDesc@2@AEAVPxOutputStream@2@PEAW4Enum@PxTriangleMeshCookingResult@2@@Z 0000000180002bc0 f   Cooking.obj
 0001:00001d00       ?copy@?$Array@UPxDebugLine@physx@@VNamedAllocator@shdfnd@2@@shdfnd@physx@@KAXPEAUPxDebugLine@3@0PEBU43@@Z 0000000180002d00 f i Cooking.obj
 0001:00001eb0       ?createBVHStructure@Cooking@physx@@UEBAPEAVPxBVHStructure@2@AEBVPxBVHStructureDesc@2@AEAVPxPhysicsInsertionCallback@2@@Z 0000000180002eb0 f   Cooking.obj
 0001:00001f90       ?createConvexMesh@Cooking@physx@@UEBAPEAVPxConvexMesh@2@AEBVPxConvexMeshDesc@2@AEAVPxPhysicsInsertionCallback@2@PEAW4Enum@PxConvexMeshCookingResult@2@@Z 0000000180002f90 f   Cooking.obj
 0001:00002190       ?createHeightField@Cooking@physx@@UEBAPEAVPxHeightField@2@AEBVPxHeightFieldDesc@2@AEAVPxPhysicsInsertionCallback@2@@Z 0000000180003190 f   Cooking.obj
 0001:00002350       ?createTriangleMesh@Cooking@physx@@UEBAPEAVPxTriangleMesh@2@AEBVPxTriangleMeshDesc@2@AEAVPxPhysicsInsertionCallback@2@PEAW4Enum@PxTriangleMeshCookingResult@2@@Z 0000000180003350 f   Cooking.obj
 0001:000024a0       ?getConcreteTypeName@PxConvexMesh@physx@@UEBAPEBDXZ 00000001800034a0 f i Cooking.obj
 0001:000024b0       ?getConcreteTypeName@PxHeightField@physx@@UEBAPEBDXZ 00000001800034b0 f i Cooking.obj
 0001:000024c0       ?getConvexEdgeThreshold@HeightField@Gu@physx@@UEBAMXZ 00000001800034c0 f i Cooking.obj
 0001:000024d0       ?getFlags@HeightField@Gu@physx@@UEBA?AV?$PxFlags@W4Enum@PxHeightFieldFlag@physx@@G@3@XZ 00000001800034d0 f i Cooking.obj
 0001:000024e0       ?getFormat@HeightField@Gu@physx@@UEBA?AW4Enum@PxHeightFieldFormat@3@XZ 00000001800034e0 f i Cooking.obj
 0001:000024f0       ?getHeight@HeightField@Gu@physx@@UEBAMMM@Z 00000001800034f0 f i Cooking.obj
 0001:00002530       ?getHeightInternal2@HeightField@Gu@physx@@QEBAMIMM@Z 0000000180003530 f i Cooking.obj
 0001:000026a0       ?getIndexBuffer@ConvexMesh@Gu@physx@@UEBAPEBEXZ 00000001800036a0 f i Cooking.obj
 0001:000026e0       ?getNbColumns@HeightField@Gu@physx@@UEBAIXZ 00000001800036e0 f i Cooking.obj
 0001:000026f0       ?getNbPolygons@ConvexMesh@Gu@physx@@UEBAIXZ 00000001800036f0 f i Cooking.obj
 0001:00002700       ?getNbRows@HeightField@Gu@physx@@UEBAIXZ 0000000180003700 f i Cooking.obj
 0001:00002710       ?getNbVertices@ConvexMesh@Gu@physx@@UEBAIXZ 0000000180003710 f i Cooking.obj
 0001:00002720       ?getParams@Cooking@physx@@UEBAAEBUPxCookingParams@2@XZ 0000000180003720 f   Cooking.obj
 0001:00002720       ?getDenormalizeScale@QuantizerImpl@@UEBAAEBVPxVec3@physx@@XZ 0000000180003720 f   Quantizer.obj
 0001:00002730       ?getSample@HeightField@Gu@physx@@UEBAAEBUPxHeightFieldSample@3@II@Z 0000000180003730 f i Cooking.obj
 0001:00002740       ?getSampleStride@HeightField@Gu@physx@@UEBAIXZ 0000000180003740 f i Cooking.obj
 0001:00002750       ?getTimestamp@HeightField@Gu@physx@@UEBAIXZ 0000000180003750 f i Cooking.obj
 0001:00002760       ?getTriangleMaterialIndex@HeightField@Gu@physx@@UEBAGI@Z 0000000180003760 f i Cooking.obj
 0001:00002790       ?getTriangleNormal@HeightField@Gu@physx@@UEBA?AVPxVec3@3@I@Z 0000000180003790 f i Cooking.obj
 0001:00002890       ?getVertices@ConvexMesh@Gu@physx@@UEBAPEBVPxVec3@3@XZ 0000000180003890 f i Cooking.obj
 0001:000028b0       ?isKindOf@PxBase@physx@@MEBA_NPEBD@Z 00000001800038b0 f i Cooking.obj
 0001:000028e0       ?isKindOf@PxConvexMesh@physx@@MEBA_NPEBD@Z 00000001800038e0 f i Cooking.obj
 0001:00002930       ?isKindOf@PxHeightField@physx@@MEBA_NPEBD@Z 0000000180003930 f i Cooking.obj
 0001:00002980       ?isReleasable@PxBase@physx@@UEBA_NXZ 0000000180003980 f i Cooking.obj
 0001:00002990       ?outputSegment@RenderOutput@Cm@physx@@QEAAXAEBVPxVec3@3@0@Z 0000000180003990 f i Cooking.obj
 0001:00002a50       ?platformMismatch@Cooking@physx@@UEBA_NXZ 0000000180003a50 f   Cooking.obj
 0001:00002a60       ?preExportDataReset@ConvexMesh@Gu@physx@@QEAAXXZ 0000000180003a60 f i Cooking.obj
 0001:00002a60       ?preExportDataReset@HeightField@Gu@physx@@QEAAXXZ 0000000180003a60 f i Cooking.obj
 0001:00002a70       ?recreate@?$Array@UPxDebugLine@physx@@VNamedAllocator@shdfnd@2@@shdfnd@physx@@IEAAXI@Z 0000000180003a70 f i Cooking.obj
 0001:00002b10       ?release@Cooking@physx@@UEAAXXZ 0000000180003b10 f   Cooking.obj
 0001:00002b30       ?reserveSegments@RenderOutput@Cm@physx@@QEAAPEAUPxDebugLine@3@I@Z 0000000180003b30 f i Cooking.obj
 0001:00002ba0       ?setParams@Cooking@physx@@UEAAXAEBUPxCookingParams@2@@Z 0000000180003ba0 f   Cooking.obj
 0001:00002c00       ?validateConvexMesh@Cooking@physx@@UEBA_NAEBVPxConvexMeshDesc@2@@Z 0000000180003c00 f   Cooking.obj
 0001:00002c60       ?validateTriangleMesh@Cooking@physx@@UEBA_NAEBVPxTriangleMeshDesc@2@@Z 0000000180003c60 f   Cooking.obj
 0001:00002d70       PxCreateCooking            0000000180003d70 f   Cooking.obj
 0001:00002e60       ??0ReducedVertexCloud@physx@@QEAA@PEBVPxVec3@1@I@Z 0000000180003e60 f   CookingUtils.obj
 0001:00002e80       ??1ReducedVertexCloud@physx@@QEAA@XZ 0000000180003e80 f   CookingUtils.obj
 0001:00002e90       ?Clean@ReducedVertexCloud@physx@@QEAAAEAV12@XZ 0000000180003e90 f   CookingUtils.obj
 0001:00002f00       ?Reduce@ReducedVertexCloud@physx@@QEAA_NPEAUREDUCEDCLOUD@2@@Z 0000000180003f00 f   CookingUtils.obj
 0001:00003210       ??$?_UI@@YAPEAX_KV?$ReflectionAllocator@I@shdfnd@physx@@PEBDH@Z 0000000180004210 f i EdgeList.obj
 0001:000032b0       ??0EdgeListBuilder@Gu@physx@@QEAA@XZ 00000001800042b0 f   EdgeList.obj
 0001:000032d0       ??1EdgeList@Gu@physx@@QEAA@XZ 00000001800042d0 f   EdgeList.obj
 0001:00003370       ??1EdgeListBuilder@Gu@physx@@QEAA@XZ 0000000180004370 f   EdgeList.obj
 0001:00003380       ?computeActiveEdges@EdgeListBuilder@Gu@physx@@AEAA_NIPEBIPEBGPEBVPxVec3@3@M@Z 0000000180004380 f   EdgeList.obj
 0001:000049f0       ?createEdgesToFaces@EdgeListBuilder@Gu@physx@@AEAA_NIPEBIPEBG@Z 00000001800059f0 f   EdgeList.obj
 0001:00004c40       ?createFacesToEdges@EdgeListBuilder@Gu@physx@@AEAA_NIPEBIPEBG@Z 0000000180005c40 f   EdgeList.obj
 0001:000050c0       ?init@EdgeListBuilder@Gu@physx@@QEAA_NAEBUEDGELISTCREATE@23@@Z 00000001800060c0 f   EdgeList.obj
 0001:000051f0       ??0MeshCleaner@physx@@QEAA@IPEBVPxVec3@1@IPEBIM@Z 00000001800061f0 f   MeshCleaner.obj
 0001:00005bb0       ??1MeshCleaner@physx@@QEAA@XZ 0000000180006bb0 f   MeshCleaner.obj
 0001:00005c40       ??$kmeans_cluster@VPxVec3@physx@@M@@YAIPEBVPxVec3@physx@@IIPEAV01@PEAIMM@Z 0000000180006c40 f i Quantizer.obj
 0001:00006530       ??_GQuantizer@physx@@MEAAPEAXI@Z 0000000180007530 f i Quantizer.obj
 0001:00006530       ??_EQuantizer@physx@@MEAAPEAXI@Z 0000000180007530 f i Quantizer.obj
 0001:00006560       ??_EQuantizerImpl@@EEAAPEAXI@Z 0000000180007560 f i Quantizer.obj
 0001:00006560       ??_GQuantizerImpl@@EEAAPEAXI@Z 0000000180007560 f i Quantizer.obj
 0001:00006630       ?createQuantizer@physx@@YAPEAVQuantizer@1@XZ 0000000180007630 f   Quantizer.obj
 0001:00006750       ?getDenormalizeCenter@QuantizerImpl@@UEBAAEBVPxVec3@physx@@XZ 0000000180007750 f i Quantizer.obj
 0001:00006760       ?growAndPushBack@?$Array@VPxVec3@physx@@VNamedAllocator@shdfnd@2@@shdfnd@physx@@IEAAAEAVPxVec3@3@AEBV43@@Z 0000000180007760 f i Quantizer.obj
 0001:00006900       ?kmeansQuantize3D@QuantizerImpl@@UEAAPEBVPxVec3@physx@@IPEBV23@I_NIAEAI@Z 0000000180007900 f i Quantizer.obj
 0001:00006b70       ?normalizeInput@QuantizerImpl@@AEAAXIPEBVPxVec3@physx@@I@Z 0000000180007b70 f i Quantizer.obj
 0001:00006fa0       ?release@QuantizerImpl@@UEAAXXZ 0000000180007fa0 f i Quantizer.obj
 0001:00006fc0       ??$copy@VNamedAllocator@shdfnd@physx@@@?$Array@USlab@NodeAllocator@Gu@physx@@VNamedAllocator@shdfnd@4@@shdfnd@physx@@IEAAXAEBV012@@Z 0000000180007fc0 f i BVHStructureBuilder.obj
 0001:00007040       ??4AABBTreeBuildNode@Gu@physx@@QEAAAEAV012@AEBV012@@Z 0000000180008040 f i BVHStructureBuilder.obj
 0001:00007040       ??0AABBTreeBuildNode@Gu@physx@@QEAA@AEBV012@@Z 0000000180008040 f i BVHStructureBuilder.obj
 0001:00007080       ??0AABBTreeBuildParams@Gu@physx@@QEAA@IIPEBVPxBounds3@2@@Z 0000000180008080 f i BVHStructureBuilder.obj
 0001:000070a0       ??0BVHStructureBuilder@physx@@QEAA@XZ 00000001800080a0 f   BVHStructureBuilder.obj
 0001:000070c0       ??0BuildStats@Gu@physx@@QEAA@XZ 00000001800080c0 f i BVHStructureBuilder.obj
 0001:000070d0       ??0NodeAllocator@Gu@physx@@QEAA@AEBV012@@Z 00000001800080d0 f i BVHStructureBuilder.obj
 0001:00007140       ??1AABBTreeBuildParams@Gu@physx@@QEAA@XZ 0000000180008140 f i BVHStructureBuilder.obj
 0001:00007140       ?reset@AABBTreeBuildParams@Gu@physx@@QEAAXXZ 0000000180008140 f i BVHStructureBuilder.obj
 0001:000071a0       ??1BVHStructureBuilder@physx@@QEAA@XZ 00000001800081a0 f   BVHStructureBuilder.obj
 0001:00007220       ??4AABBTreeBuildParams@Gu@physx@@QEAAAEAV012@AEBV012@@Z 0000000180008220 f i BVHStructureBuilder.obj
 0001:00007240       ??4BuildStats@Gu@physx@@QEAAAEAU012@$$QEAU012@@Z 0000000180008240 f i BVHStructureBuilder.obj
 0001:00007250       ??4BuildStats@Gu@physx@@QEAAAEAU012@AEBU012@@Z 0000000180008250 f i BVHStructureBuilder.obj
 0001:00007260       ??4NodeAllocator@Gu@physx@@QEAAAEAV012@AEBV012@@Z 0000000180008260 f i BVHStructureBuilder.obj
 0001:00007310       ??_FAABBTreeBuildParams@Gu@physx@@QEAAXXZ 0000000180008310 f i BVHStructureBuilder.obj
 0001:00007330       ??_V@YAXPEAX_K@Z           0000000180008330 f i LIBCMT:delete_array_size.obj
 0001:00007330       ?__global_delete@@YAXPEAX_K@Z 0000000180008330 f i BVHStructureBuilder.obj
 0001:00007340       ?allocate@?$Array@USlab@NodeAllocator@Gu@physx@@VNamedAllocator@shdfnd@4@@shdfnd@physx@@IEAAPEAUSlab@NodeAllocator@Gu@3@I@Z 0000000180008340 f i BVHStructureBuilder.obj
 0001:000073a0       ?getCount@BuildStats@Gu@physx@@QEBAIXZ 00000001800083a0 f i BVHStructureBuilder.obj
 0001:000073b0       ?getNbPrimitives@AABBTreeBuildNode@Gu@physx@@QEBAIXZ 00000001800083b0 f i BVHStructureBuilder.obj
 0001:000073b0       ?getNbRuntimePrimitives@AABBTreeBuildNode@Gu@physx@@QEBAIXZ 00000001800083b0 f i BVHStructureBuilder.obj
 0001:000073c0       ?getNeg@AABBTreeBuildNode@Gu@physx@@QEBAPEBV123@XZ 00000001800083c0 f i BVHStructureBuilder.obj
 0001:000073e0       ?getPrimitives@AABBTreeBuildNode@Gu@physx@@QEBAPEBIPEBI@Z 00000001800083e0 f i BVHStructureBuilder.obj
 0001:000073e0       ?getPrimitives@AABBTreeBuildNode@Gu@physx@@QEAAPEAIPEAI@Z 00000001800083e0 f i BVHStructureBuilder.obj
 0001:000073f0       ?increaseCount@BuildStats@Gu@physx@@QEAAXI@Z 00000001800083f0 f i BVHStructureBuilder.obj
 0001:00007400       ?isLeaf@AABBTreeBuildNode@Gu@physx@@QEBA_NXZ 0000000180008400 f i BVHStructureBuilder.obj
 0001:00007410       ?loadFromDesc@BVHStructureBuilder@physx@@QEAA_NAEBVPxBVHStructureDesc@2@@Z 0000000180008410 f   BVHStructureBuilder.obj
 0001:000078b0       ?moveData@BVHStructureBuilder@physx@@QEAAXAEAUBVHStructureData@Gu@2@@Z 00000001800088b0 f   BVHStructureBuilder.obj
 0001:000078f0       ?recreate@?$Array@USlab@NodeAllocator@Gu@physx@@VNamedAllocator@shdfnd@4@@shdfnd@physx@@IEAAXI@Z 00000001800088f0 f i BVHStructureBuilder.obj
 0001:000079a0       ?reset@BuildStats@Gu@physx@@QEAAXXZ 00000001800089a0 f i BVHStructureBuilder.obj
 0001:000079b0       ?save@BVHStructureBuilder@physx@@QEBA_NAEAVPxOutputStream@2@_N@Z 00000001800089b0 f   BVHStructureBuilder.obj
 0001:00007b30       ?setCount@BuildStats@Gu@physx@@QEAAXI@Z 0000000180008b30 f i BVHStructureBuilder.obj
 0001:00007b40       ?setNbRunTimePrimitives@AABBTreeBuildNode@Gu@physx@@QEAAXI@Z 0000000180008b40 f i BVHStructureBuilder.obj
 0001:00007b50       ?saveHeightField@physx@@YA_NAEBVHeightField@Gu@1@AEAVPxOutputStream@1@_N@Z 0000000180008b50 f   HeightFieldCooking.obj
 0001:00007d90       ??$quickSelectFirstK@UBoundsLTE@physx@@@quickSelect@physx@@YAXPEIAIIIIAEBUBoundsLTE@1@@Z 0000000180008d90 f i RTreeCooking.obj
 0001:00007f70       ??$smallSort@I$$CBUSortBoundsPredicate@physx@@@internal@shdfnd@physx@@YAXPEAIHHAEBUSortBoundsPredicate@2@@Z 0000000180008f70 f i RTreeCooking.obj
 0001:00008240       ??$sort@IU?$Less@I@shdfnd@physx@@VNamedAllocator@23@@shdfnd@physx@@YAXPEAIIAEBU?$Less@I@01@AEBVNamedAllocator@01@I@Z 0000000180009240 f i RTreeCooking.obj
 0001:00008600       ??$sort@IUSortBoundsPredicate@physx@@VNamedAllocator@shdfnd@2@@shdfnd@physx@@YAXPEAIIAEBUSortBoundsPredicate@1@AEBVNamedAllocator@01@I@Z 0000000180009600 f i RTreeCooking.obj
 0001:00008a60       ??0?$InlineArray@UInterval@physx@@$0EAA@VNamedAllocator@shdfnd@2@@shdfnd@physx@@QEAA@AEBVNamedAllocator@12@@Z 0000000180009a60 f i RTreeCooking.obj
 0001:00008b30       ?allocate@?$Array@UInterval@physx@@V?$InlineAllocator@$0CAAA@VNamedAllocator@shdfnd@physx@@@shdfnd@2@@shdfnd@physx@@IEAAPEAUInterval@3@I@Z 0000000180009b30 f i RTreeCooking.obj
 0001:00009940       ?buildFromTriangles@RTreeCooker@physx@@SAXAEAURTree@Gu@2@PEBVPxVec3@2@IPEBGPEBIIAEAV?$Array@IVNamedAllocator@shdfnd@physx@@@shdfnd@2@PEAURemapCallback@12@MW4Enum@PxMeshCookingHint@2@@Z 000000018000a940 f   RTreeCooking.obj
 0001:00009bd0       ?copy@?$Array@URTreeNodeNQ@physx@@VNamedAllocator@shdfnd@2@@shdfnd@physx@@KAXPEAURTreeNodeNQ@3@0PEBU43@@Z 000000018000abd0 f i RTreeCooking.obj
 0001:00009d90       ?copy@?$Array@VPxVec3@physx@@VNamedAllocator@shdfnd@2@@shdfnd@physx@@KAXPEAVPxVec3@3@0PEBV43@@Z 000000018000ad90 f i RTreeCooking.obj
 0001:00009e60       ?growAndPushBack@?$Array@VHalfEdge@ConvexHull@physx@@VNamedAllocator@shdfnd@3@@shdfnd@physx@@IEAAAEAVHalfEdge@ConvexHull@3@AEBV453@@Z 000000018000ae60 f i ConvexHullUtils.obj
 0001:00009e60       ?growAndPushBack@?$Array@IVNamedAllocator@shdfnd@physx@@@shdfnd@physx@@IEAAAEAIAEBI@Z 000000018000ae60 f i RTreeCooking.obj
 0001:00009f50       ?growAndPushBack@?$Array@UInterval@physx@@V?$InlineAllocator@$0CAAA@VNamedAllocator@shdfnd@physx@@@shdfnd@2@@shdfnd@physx@@IEAAAEAUInterval@3@AEBU43@@Z 000000018000af50 f i RTreeCooking.obj
 0001:0000a030       ?growAndPushBack@?$Array@UPxBounds3V@physx@@VNamedAllocator@shdfnd@2@@shdfnd@physx@@IEAAAEAUPxBounds3V@3@AEBU43@@Z 000000018000b030 f i RTreeCooking.obj
 0001:0000a140       ?growAndPushBack@?$Array@URTreeNodeNQ@physx@@VNamedAllocator@shdfnd@2@@shdfnd@physx@@IEAAAEAURTreeNodeNQ@3@AEBU43@@Z 000000018000b140 f i RTreeCooking.obj
 0001:0000a250       ?growAndPushBack@?$Array@URTreeNodeQ@Gu@physx@@VNamedAllocator@shdfnd@3@@shdfnd@physx@@IEAAAEAURTreeNodeQ@Gu@3@AEBU453@@Z 000000018000b250 f i RTreeCooking.obj
 0001:0000a370       ?recreate@?$Array@VHalfEdge@ConvexHull@physx@@VNamedAllocator@shdfnd@3@@shdfnd@physx@@IEAAXI@Z 000000018000b370 f i ConvexHullUtils.obj
 0001:0000a370       ?recreate@?$Array@IVNamedAllocator@shdfnd@physx@@@shdfnd@physx@@IEAAXI@Z 000000018000b370 f i RTreeCooking.obj
 0001:0000a420       ?recreate@?$Array@UPxBounds3V@physx@@VNamedAllocator@shdfnd@2@@shdfnd@physx@@IEAAXI@Z 000000018000b420 f i RTreeCooking.obj
 0001:0000a4e0       ?recreate@?$Array@URTreeNodeNQ@physx@@VNamedAllocator@shdfnd@2@@shdfnd@physx@@IEAAXI@Z 000000018000b4e0 f i RTreeCooking.obj
 0001:0000a580       ?recreate@?$Array@URTreeNodeQ@Gu@physx@@VNamedAllocator@shdfnd@3@@shdfnd@physx@@IEAAXI@Z 000000018000b580 f i RTreeCooking.obj
 0001:0000a640       ?recreate@?$Array@VPxVec3@physx@@VNamedAllocator@shdfnd@2@@shdfnd@physx@@IEAAXI@Z 000000018000b640 f i RTreeCooking.obj
 0001:0000a6e0       ?resize@?$Array@IVNamedAllocator@shdfnd@physx@@@shdfnd@physx@@QEAAXIAEBI@Z 000000018000b6e0 f i RTreeCooking.obj
 0001:0000a7a0       ?resizeUninitialized@?$Array@URTreeNodeNQ@physx@@VNamedAllocator@shdfnd@2@@shdfnd@physx@@QEAAXI@Z 000000018000b7a0 f i RTreeCooking.obj
 0001:0000a7e0       ?sort4@SubSortQuick@physx@@QEAAXPEIAIIAEAV?$Array@URTreeNodeNQ@physx@@VNamedAllocator@shdfnd@2@@shdfnd@2@AEAIAEAUPxBounds3V@2@I@Z 000000018000b7e0 f i RTreeCooking.obj
 0001:0000ab70       ?sort4@SubSortSAH@physx@@QEAAXPEAIIAEAV?$Array@URTreeNodeNQ@physx@@VNamedAllocator@shdfnd@2@@shdfnd@2@AEAIIPEAURTreeNodeNQ@2@@Z 000000018000bb70 f i RTreeCooking.obj
 0001:0000b400       ?split@SubSortSAH@physx@@QEAAIPEAII@Z 000000018000c400 f i RTreeCooking.obj
 0001:0000be30       ?computeLocalBounds@MeshBulider@physx@@IEAAXAEAVMeshDataBase@Gu@2@@Z 000000018000ce30 f   MeshBuilder.obj
 0001:0000bec0       ??$?_UG@@YAPEAX_KV?$ReflectionAllocator@G@shdfnd@physx@@PEBDH@Z 000000018000cec0 f i TriangleMeshBuilder.obj
 0001:0000bf60       ??$sort@UEdgeTriLookup@physx@@U?$Less@UEdgeTriLookup@physx@@@shdfnd@2@VNamedAllocator@42@@shdfnd@physx@@YAXPEAUEdgeTriLookup@1@IAEBU?$Less@UEdgeTriLookup@physx@@@01@AEBVNamedAllocator@01@I@Z 000000018000cf60 f i TriangleMeshBuilder.obj
 0001:0000c450       ??0BV4TriangleMeshBuilder@physx@@QEAA@AEBUPxCookingParams@1@@Z 000000018000d450 f   TriangleMeshBuilder.obj
 0001:0000c520       ??0RTreeTriangleMeshBuilder@physx@@QEAA@AEBUPxCookingParams@1@@Z 000000018000d520 f   TriangleMeshBuilder.obj
 0001:0000c5e0       ??1BV4TriangleMeshBuilder@physx@@UEAA@XZ 000000018000d5e0 f   TriangleMeshBuilder.obj
 0001:0000c640       ??1MeshDataBase@Gu@physx@@UEAA@XZ 000000018000d640 f i TriangleMeshBuilder.obj
 0001:0000c720       ??1RTreeTriangleData@Gu@physx@@UEAA@XZ 000000018000d720 f i TriangleMeshBuilder.obj
 0001:0000c790       ??1RTreeTriangleMeshBuilder@physx@@UEAA@XZ 000000018000d790 f   TriangleMeshBuilder.obj
 0001:0000c7c0       ??1TriangleMeshBuilder@physx@@UEAA@XZ 000000018000d7c0 f   TriangleMeshBuilder.obj
 0001:0000c820       ??1TriangleMeshData@Gu@physx@@UEAA@XZ 000000018000d820 f i TriangleMeshBuilder.obj
 0001:0000c8f0       ??_GBV4TriangleData@Gu@physx@@UEAAPEAXI@Z 000000018000d8f0 f i TriangleMeshBuilder.obj
 0001:0000c8f0       ??_EBV4TriangleData@Gu@physx@@UEAAPEAXI@Z 000000018000d8f0 f i TriangleMeshBuilder.obj
 0001:0000c970       ??_EBV4TriangleMeshBuilder@physx@@UEAAPEAXI@Z 000000018000d970 f i TriangleMeshBuilder.obj
 0001:0000c970       ??_GBV4TriangleMeshBuilder@physx@@UEAAPEAXI@Z 000000018000d970 f i TriangleMeshBuilder.obj
 0001:0000c9f0       ??_GMeshDataBase@Gu@physx@@UEAAPEAXI@Z 000000018000d9f0 f i TriangleMeshBuilder.obj
 0001:0000c9f0       ??_EMeshDataBase@Gu@physx@@UEAAPEAXI@Z 000000018000d9f0 f i TriangleMeshBuilder.obj
 0001:0000ca50       ??_GRTreeCookerRemap@physx@@UEAAPEAXI@Z 000000018000da50 f i TriangleMeshBuilder.obj
 0001:0000ca50       ??_ERTreeCookerRemap@physx@@UEAAPEAXI@Z 000000018000da50 f i TriangleMeshBuilder.obj
 0001:0000ca80       ??_GRTreeTriangleData@Gu@physx@@UEAAPEAXI@Z 000000018000da80 f i TriangleMeshBuilder.obj
 0001:0000ca80       ??_ERTreeTriangleData@Gu@physx@@UEAAPEAXI@Z 000000018000da80 f i TriangleMeshBuilder.obj
 0001:0000cae0       ??_ERTreeTriangleMeshBuilder@physx@@UEAAPEAXI@Z 000000018000dae0 f i TriangleMeshBuilder.obj
 0001:0000cae0       ??_GRTreeTriangleMeshBuilder@physx@@UEAAPEAXI@Z 000000018000dae0 f i TriangleMeshBuilder.obj
 0001:0000cb30       ??_GRemapCallback@RTreeCooker@physx@@UEAAPEAXI@Z 000000018000db30 f i TriangleMeshBuilder.obj
 0001:0000cb30       ??_ERemapCallback@RTreeCooker@physx@@UEAAPEAXI@Z 000000018000db30 f i TriangleMeshBuilder.obj
 0001:0000cb60       ??_GTriangleMeshBuilder@physx@@UEAAPEAXI@Z 000000018000db60 f i TriangleMeshBuilder.obj
 0001:0000cb60       ??_ETriangleMeshBuilder@physx@@UEAAPEAXI@Z 000000018000db60 f i TriangleMeshBuilder.obj
 0001:0000cba0       ??_GTriangleMeshData@Gu@physx@@UEAAPEAXI@Z 000000018000dba0 f i TriangleMeshBuilder.obj
 0001:0000cba0       ??_ETriangleMeshData@Gu@physx@@UEAAPEAXI@Z 000000018000dba0 f i TriangleMeshBuilder.obj
 0001:0000cc00       ?allocateTriangles@TriangleMeshData@Gu@physx@@QEAAPEAXI_NI@Z 000000018000dc00 f i TriangleMeshBuilder.obj
 0001:0000ccd0       ?allocateVertices@MeshDataBase@Gu@physx@@QEAAPEAVPxVec3@3@I@Z 000000018000dcd0 f i TriangleMeshBuilder.obj
 0001:0000d1e0       ?checkMeshIndicesSize@TriangleMeshBuilder@physx@@QEAAXXZ 000000018000e1e0 f   TriangleMeshBuilder.obj
 0001:0000d2f0       ?cleanMesh@TriangleMeshBuilder@physx@@QEAA_N_NPEAW4Enum@PxTriangleMeshCookingResult@2@@Z 000000018000e2f0 f   TriangleMeshBuilder.obj
 0001:0000d7b0       ?createGRBMidPhaseAndData@TriangleMeshBuilder@physx@@QEAAXI@Z 000000018000e7b0 f   TriangleMeshBuilder.obj
 0001:0000db30       ?createMidPhaseStructure@BV4TriangleMeshBuilder@physx@@UEAAXXZ 000000018000eb30 f   TriangleMeshBuilder.obj
 0001:0000ddf0       ?createMidPhaseStructure@RTreeTriangleMeshBuilder@physx@@UEAAXXZ 000000018000edf0 f   TriangleMeshBuilder.obj
 0001:0000df20       ?createSharedEdgeData@TriangleMeshBuilder@physx@@QEAAX_N0@Z 000000018000ef20 f   TriangleMeshBuilder.obj
 0001:0000e570       _get_startup_argv_mode     000000018000f570 f i LIBCMT:argv_mode.obj
 0001:0000e570       ?raw_length@charNode@@UEBAHXZ 000000018000f570 f i libvcruntime:undname.obj
 0001:0000e570       ?getMidphaseID@BV4TriangleMeshBuilder@physx@@UEBA?AW4Enum@PxMeshMidPhase@2@XZ 000000018000f570 f i TriangleMeshBuilder.obj
 0001:0000e570       DllMain                    000000018000f570 f i LIBCMT:dll_dllmain_stub.obj
 0001:0000e570       ?length@charNode@@UEBAHXZ  000000018000f570 f i libvcruntime:undname.obj
 0001:0000e580       ?getMidphaseID@RTreeTriangleMeshBuilder@physx@@UEBA?AW4Enum@PxMeshMidPhase@2@XZ 000000018000f580 f i TriangleMeshBuilder.obj
 0001:0000e590       ?importMesh@TriangleMeshBuilder@physx@@IEAA_NAEBVPxTriangleMeshDesc@2@AEBUPxCookingParams@2@PEAW4Enum@PxTriangleMeshCookingResult@2@_N@Z 000000018000f590 f   TriangleMeshBuilder.obj
 0001:0000e930       ?loadFromDesc@TriangleMeshBuilder@physx@@QEAA_NAEBVPxTriangleMeshDesc@2@PEAW4Enum@PxTriangleMeshCookingResult@2@_N@Z 000000018000f930 f   TriangleMeshBuilder.obj
 0001:0000ed10       ?onMeshIndexFormatChange@BV4TriangleMeshBuilder@physx@@UEAAXXZ 000000018000fd10 f   TriangleMeshBuilder.obj
 0001:0000ed50       ?remap@RTreeCookerRemap@physx@@UEAAXPEAIII@Z 000000018000fd50 f i TriangleMeshBuilder.obj
 0001:0000ed70       ?remapTopology@TriangleMeshBuilder@physx@@QEAAXPEBI@Z 000000018000fd70 f   TriangleMeshBuilder.obj
 0001:0000f070       ?save@TriangleMeshBuilder@physx@@QEBA_NAEAVPxOutputStream@2@_NAEBUPxCookingParams@2@@Z 0000000180010070 f   TriangleMeshBuilder.obj
 0001:0000f640       ?saveMidPhaseStructure@BV4TriangleMeshBuilder@physx@@UEBAXAEAVPxOutputStream@2@_N@Z 0000000180010640 f   TriangleMeshBuilder.obj
 0001:0000f7e0       ?saveMidPhaseStructure@RTreeTriangleMeshBuilder@physx@@UEBAXAEAVPxOutputStream@2@_N@Z 00000001800107e0 f   TriangleMeshBuilder.obj
 0001:0000fa20       ??0BigConvexDataBuilder@physx@@QEAA@PEBUConvexHullData@Gu@1@PEAVBigConvexData@1@PEBVPxVec3@1@@Z 0000000180010a20 f   BigConvexDataBuilder.obj
 0001:0000fa30       ??4BigConvexData@physx@@QEAAAEAV01@AEBV01@@Z 0000000180010a30 f i BigConvexDataBuilder.obj
 0001:0000fa50       ?GetAdjacentVerts@BigConvexData@physx@@QEBAPEBEXZ 0000000180010a50 f i BigConvexDataBuilder.obj
 0001:0000fa60       ?GetValency@BigConvexData@physx@@QEBAGI@Z 0000000180010a60 f i BigConvexDataBuilder.obj
 0001:0000fa60       ?GetNbNeighbors@BigConvexData@physx@@QEBAGI@Z 0000000180010a60 f i BigConvexDataBuilder.obj
 0001:0000fa70       ?GetNbSamples@BigConvexData@physx@@QEBAIXZ 0000000180010a70 f i BigConvexDataBuilder.obj
 0001:0000fa80       ?GetNbVerts@BigConvexData@physx@@QEBAIXZ 0000000180010a80 f i BigConvexDataBuilder.obj
 0001:0000fa80       ?length@pcharNode@@UEBAHXZ 0000000180010a80 f i libvcruntime:undname.obj
 0001:0000fa80       ?raw_length@pcharNode@@UEBAHXZ 0000000180010a80 f i libvcruntime:undname.obj
 0001:0000fa90       ?GetNeighbors@BigConvexData@physx@@QEBAPEBEI@Z 0000000180010a90 f i BigConvexDataBuilder.obj
 0001:0000faa0       ?GetOffset@BigConvexData@physx@@QEBAGI@Z 0000000180010aa0 f i BigConvexDataBuilder.obj
 0001:0000fab0       ?GetSubdiv@BigConvexData@physx@@QEBAIXZ 0000000180010ab0 f i BigConvexDataBuilder.obj
 0001:0000fac0       ?computeValencies@BigConvexDataBuilder@physx@@QEAA_NAEBVConvexHullBuilder@2@@Z 0000000180010ac0 f   BigConvexDataBuilder.obj
 0001:0000feb0       ?precompute@BigConvexDataBuilder@physx@@QEAA_NI@Z 0000000180010eb0 f   BigConvexDataBuilder.obj
 0001:00010af0       ?save@BigConvexDataBuilder@physx@@QEBA_NAEAVPxOutputStream@2@_N@Z 0000000180011af0 f   BigConvexDataBuilder.obj
 0001:00010d30       ??$?_UE@@YAPEAX_KV?$ReflectionAllocator@E@shdfnd@physx@@PEBDH@Z 0000000180011d30 f i ConvexHullBuilder.obj
 0001:00010dd0       ??0ConvexHullBuilder@physx@@QEAA@PEAUConvexHullData@Gu@1@_N@Z 0000000180011dd0 f   ConvexHullBuilder.obj
 0001:00010e00       ??1ConvexHullBuilder@physx@@QEAA@XZ 0000000180011e00 f   ConvexHullBuilder.obj
 0001:00010f00       ?calculateVertexMapTable@ConvexHullBuilder@physx@@QEAA_NI_N@Z 0000000180011f00 f   ConvexHullBuilder.obj
 0001:00011110       ?checkHullPolygons@ConvexHullBuilder@physx@@QEBA_NXZ 0000000180012110 f   ConvexHullBuilder.obj
 0001:000116f0       ?computeGeomCenter@ConvexHullBuilder@physx@@IEBA_NAEAVPxVec3@2@IPEAUHullTriangleData@2@@Z 00000001800126f0 f   ConvexHullBuilder.obj
 0001:000119b0       ?copy@ConvexHullBuilder@physx@@QEAA_NAEAUConvexHullData@Gu@2@AEAI@Z 00000001800129b0 f   ConvexHullBuilder.obj
 0001:00011c20       ?createEdgeList@ConvexHullBuilder@physx@@QEAA_N_NI@Z 0000000180012c20 f   ConvexHullBuilder.obj
 0001:00012490       ?init@ConvexHullBuilder@physx@@QEAA_NIPEBVPxVec3@2@PEBIIIPEBUPxHullPolygon@2@_NPEAVConvexHullLib@2@@Z 0000000180013490 f   ConvexHullBuilder.obj
 0001:00012e00       ?save@ConvexHullBuilder@physx@@QEBA_NAEAVPxOutputStream@2@_N@Z 0000000180013e00 f   ConvexHullBuilder.obj
 0001:00013120       ??1ConvexHullLib@physx@@UEAA@XZ 0000000180014120 f   ConvexHullLib.obj
 0001:00013180       ??_GConvexHullLib@physx@@UEAAPEAXI@Z 0000000180014180 f i ConvexHullLib.obj
 0001:00013180       ??_EConvexHullLib@physx@@UEAAPEAXI@Z 0000000180014180 f i ConvexHullLib.obj
 0001:000136f0       ?cleanupVertices@ConvexHullLib@physx@@IEAA_NIPEBVPxVec3@2@IAEAIPEAV32@AEAV32@3@Z 00000001800146f0 f   ConvexHullLib.obj
 0001:00013b70       ?shiftAndcleanupVertices@ConvexHullLib@physx@@IEAA_NIPEBVPxVec3@2@IAEAIPEAV32@AEAV32@3@Z 0000000180014b70 f   ConvexHullLib.obj
 0001:00014060       ?shiftConvexMeshDesc@ConvexHullLib@physx@@IEAAXAEAVPxConvexMeshDesc@2@@Z 0000000180015060 f   ConvexHullLib.obj
 0001:00014120       ?swapLargestFace@ConvexHullLib@physx@@IEAAXAEAVPxConvexMeshDesc@2@@Z 0000000180015120 f   ConvexHullLib.obj
 0001:00014310       ??0Box@Gu@physx@@QEAA@AEBV012@@Z 0000000180015310 f i ConvexHullUtils.obj
 0001:00014310       ??4Box@Gu@physx@@QEAAAEBV012@AEBV012@@Z 0000000180015310 f i ConvexHullUtils.obj
 0001:00014370       ??0Box@Gu@physx@@QEAA@AEBVPxVec3@2@0AEBVPxMat33@2@@Z 0000000180015370 f i ConvexHullUtils.obj
 0001:000143e0       ??0ConvexHull@physx@@QEAA@AEBVPxVec3@1@AEBVPxTransform@1@AEBV?$Array@VPxPlane@physx@@VNamedAllocator@shdfnd@2@@shdfnd@1@@Z 00000001800153e0 f   ConvexHullUtils.obj
 0001:00015710       ??0PxQuat@physx@@QEAA@AEBVPxMat33@1@@Z 0000000180016710 f i ConvexHullUtils.obj
 0001:000158f0       ?assertIntact@ConvexHull@physx@@QEBA_NM@Z 00000001800168f0 f   ConvexHullUtils.obj
 0001:00015c00       ?computeAABBExtent@Box@Gu@physx@@QEBA?AVPxVec3@3@XZ 0000000180016c00 f i ConvexHullUtils.obj
 0001:00015cc0       ?computeBoxPoints@Box@Gu@physx@@QEBAXPEIAVPxVec3@3@@Z 0000000180016cc0 f i ConvexHullUtils.obj
 0001:00015d00       ?computeOBBFromConvex@physx@@YA_NAEBVPxConvexMeshDesc@1@AEAVPxVec3@1@AEAVPxTransform@1@@Z 0000000180016d00 f   ConvexHullUtils.obj
 0001:000163f0       ?computeOBBSIMD@local@@YAXIPEBT__m128@@AEAT2@AEBT2@1@Z 00000001800173f0 f   ConvexHullUtils.obj
 0001:00016800       ?convexHullCrop@physx@@YAPEAVConvexHull@1@AEBV21@AEBVPxPlane@1@M@Z 0000000180017800 f   ConvexHullUtils.obj
 0001:000176b0       ?copy@?$Array@VPxPlane@physx@@VNamedAllocator@shdfnd@2@@shdfnd@physx@@KAXPEAVPxPlane@3@0PEBV43@@Z 00000001800186b0 f i ConvexHullUtils.obj
 0001:000177b0       ?findCandidatePlane@ConvexHull@physx@@QEBAHMM@Z 00000001800187b0 f   ConvexHullUtils.obj
 0001:00017c20       ?getInverse@PxMat33@physx@@QEBA?BV12@XZ 0000000180018c20 f i ConvexHullUtils.obj
 0001:00017e70       ?getTransform@Box@Gu@physx@@QEBA?AVPxTransform@3@XZ 0000000180018e70 f i ConvexHullUtils.obj
 0001:00017ed0       ?growAndPushBack@?$Array@VPxPlane@physx@@VNamedAllocator@shdfnd@2@@shdfnd@physx@@IEAAAEAVPxPlane@3@AEBV43@@Z 0000000180018ed0 f i ConvexHullUtils.obj
 0001:00017fc0       ?isValid@Box@Gu@physx@@QEBA_NXZ 0000000180018fc0 f i ConvexHullUtils.obj
 0001:00017fe0       ?maxNumVertsPerFace@ConvexHull@physx@@QEBAIXZ 0000000180018fe0 f   ConvexHullUtils.obj
 0001:00018050       ?recreate@?$Array@VPxPlane@physx@@VNamedAllocator@shdfnd@2@@shdfnd@physx@@IEAAXI@Z 0000000180019050 f i ConvexHullUtils.obj
 0001:000180f0       ?resize@?$Array@VHalfEdge@ConvexHull@physx@@VNamedAllocator@shdfnd@3@@shdfnd@physx@@QEAAXIAEBVHalfEdge@ConvexHull@3@@Z 00000001800190f0 f i ConvexHullUtils.obj
 0001:000181b0       ?resize@?$Array@VPxPlane@physx@@VNamedAllocator@shdfnd@2@@shdfnd@physx@@QEAAXIAEBVPxPlane@3@@Z 00000001800191b0 f i ConvexHullUtils.obj
 0001:000182d0       ?resize@?$Array@VPxVec3@physx@@VNamedAllocator@shdfnd@2@@shdfnd@physx@@QEAAXIAEBVPxVec3@3@@Z 00000001800192d0 f i ConvexHullUtils.obj
 0001:000183c0       ?rotate@Box@Gu@physx@@QEBA?AVPxVec3@3@AEBV43@@Z 00000001800193c0 f i ConvexHullUtils.obj
 0001:00018450       ?rotateInv@Box@Gu@physx@@QEBA?AVPxVec3@3@AEBV43@@Z 0000000180019450 f i ConvexHullUtils.obj
 0001:000184e0       ?setAxes@Box@Gu@physx@@QEAAXAEBVPxVec3@3@00@Z 00000001800194e0 f i ConvexHullUtils.obj
 0001:00018520       ?setEmpty@Box@Gu@physx@@QEAAXXZ 0000000180019520 f i ConvexHullUtils.obj
 0001:00018560       ?transform@Box@Gu@physx@@QEBA?AVPxVec3@3@AEBV43@@Z 0000000180019560 f i ConvexHullUtils.obj
 0001:00018600       ??0ConvexMeshBuilder@physx@@QEAA@_N@Z 0000000180019600 f   ConvexMeshBuilder.obj
 0001:00018660       ??1ConvexMeshBuilder@physx@@QEAA@XZ 0000000180019660 f   ConvexMeshBuilder.obj
 0001:00018ab0       ?build@ConvexMeshBuilder@physx@@QEAA_NAEBVPxConvexMeshDesc@2@I_NPEAVConvexHullLib@2@@Z 0000000180019ab0 f   ConvexMeshBuilder.obj
 0001:00018de0       ?computeHullPolygons@ConvexMeshBuilder@physx@@QEAA_NAEBIPEBVPxVec3@2@0PEBIAEAVPxAllocatorCallback@2@AEAIAEAPEAV32@4AEAPEAI4AEAPEAUPxHullPolygon@2@@Z 0000000180019de0 f   ConvexMeshBuilder.obj
 0001:00019000       ?computeMassInfo@ConvexMeshBuilder@physx@@QEAAX_N@Z 000000018001a000 f   ConvexMeshBuilder.obj
 0001:000193d0       ?copy@ConvexMeshBuilder@physx@@QEAA_NAEAUConvexHullInitData@Gu@2@@Z 000000018001a3d0 f   ConvexMeshBuilder.obj
 0001:000194f0       ?isFinite@PxVec3@physx@@QEBA_NXZ 000000018001a4f0 f i ConvexMeshBuilder.obj
 0001:00019550       ?loadConvexHull@ConvexMeshBuilder@physx@@QEAA_NAEBVPxConvexMeshDesc@2@PEAVConvexHullLib@2@@Z 000000018001a550 f   ConvexMeshBuilder.obj
 0001:000197d0       ?save@ConvexMeshBuilder@physx@@QEBA_NAEAVPxOutputStream@2@_N@Z 000000018001a7d0 f   ConvexMeshBuilder.obj
 0001:000199e0       ??$copy@VNamedAllocator@shdfnd@physx@@@?$Array@VPair@@VNamedAllocator@shdfnd@physx@@@shdfnd@physx@@IEAAXAEBV012@@Z 000000018001a9e0 f i ConvexPolygonsBuilder.obj
 0001:00019a60       ??0ConvexPolygonsBuilder@physx@@QEAA@PEAUConvexHullData@Gu@1@_N@Z 000000018001aa60 f   ConvexPolygonsBuilder.obj
 0001:00019a80       ??1ConvexPolygonsBuilder@physx@@QEAA@XZ 000000018001aa80 f   ConvexPolygonsBuilder.obj
 0001:0001a2d0       ?allocate@?$Array@VPair@@VNamedAllocator@shdfnd@physx@@@shdfnd@physx@@IEAAPEAVPair@@I@Z 000000018001b2d0 f i ConvexPolygonsBuilder.obj
 0001:0001aab0       ?computeHullPolygons@ConvexPolygonsBuilder@physx@@QEAA_NAEBIPEBVPxVec3@2@0PEBI@Z 000000018001bab0 f   ConvexPolygonsBuilder.obj
 0001:0001bb60       ?createPolygonData@ConvexPolygonsBuilder@physx@@AEAA_NXZ 000000018001cb60 f   ConvexPolygonsBuilder.obj
 0001:0001c790       ?createTrianglesFromPolygons@ConvexPolygonsBuilder@physx@@AEAA_NXZ 000000018001d790 f   ConvexPolygonsBuilder.obj
 0001:0001de60       ?growAndPushBack@?$Array@VPair@@VNamedAllocator@shdfnd@physx@@@shdfnd@physx@@IEAAAEAVPair@@AEBV4@@Z 000000018001ee60 f i ConvexPolygonsBuilder.obj
 0001:0001df50       ??0QuickHull@local@@QEAA@AEBUPxCookingParams@physx@@AEBVPxConvexMeshDesc@3@@Z 000000018001ef50 f   QuickHullConvexHullLib.obj
 0001:0001e140       ??0QuickHullConvexHullLib@physx@@QEAA@AEBVPxConvexMeshDesc@1@AEBUPxCookingParams@1@@Z 000000018001f140 f   QuickHullConvexHullLib.obj
 0001:0001e230       ??1?$MemBlock@UQuickHullHalfEdge@local@@$0A@@local@@QEAA@XZ 000000018001f230 f i QuickHullConvexHullLib.obj
 0001:0001e230       ??1?$MemBlock@UQuickHullFace@local@@$00@local@@QEAA@XZ 000000018001f230 f i QuickHullConvexHullLib.obj
 0001:0001e2b0       ??_GConvexHull@physx@@QEAAPEAXI@Z 000000018001f2b0 f i QuickHullConvexHullLib.obj
 0001:0001e380       ??_GQuickHull@local@@QEAAPEAXI@Z 000000018001f380 f i QuickHullConvexHullLib.obj
 0001:0001e520       ??_GQuickHullConvexHullLib@physx@@UEAAPEAXI@Z 000000018001f520 f i QuickHullConvexHullLib.obj
 0001:0001e520       ??_EQuickHullConvexHullLib@physx@@UEAAPEAXI@Z 000000018001f520 f i QuickHullConvexHullLib.obj
 0001:0001e610       ?addPointToHull@QuickHull@local@@IEAA_NPEBUQuickHullVertex@2@AEAUQuickHullFace@2@AEA_N@Z 000000018001f610 f   QuickHullConvexHullLib.obj
 0001:0001e8e0       ?addSimplex@QuickHull@local@@IEAAXPEAUQuickHullVertex@2@_N@Z 000000018001f8e0 f   QuickHullConvexHullLib.obj
 0001:0001edb0       ?buildHull@QuickHull@local@@QEAA?AW4Enum@QuickHullResult@2@XZ 000000018001fdb0 f   QuickHullConvexHullLib.obj
 0001:0001efc0       ?calculateHorizon@QuickHull@local@@IEAAXAEBVPxVec3@physx@@PEAUQuickHullHalfEdge@2@AEAUQuickHullFace@2@AEAV?$Array@PEAUQuickHullHalfEdge@local@@VNamedAllocator@shdfnd@physx@@@shdfnd@4@AEAV?$Array@PEAUQuickHullFace@local@@VNamedAllocator@shdfnd@physx@@@84@@Z 000000018001ffc0 f   QuickHullConvexHullLib.obj
 0001:0001f170       ?canMergeFaces@QuickHull@local@@IEAA_NAEBUQuickHullHalfEdge@2@@Z 0000000180020170 f   QuickHullConvexHullLib.obj
 0001:0001f9a0       ?cleanupForSimplex@QuickHullConvexHullLib@physx@@IEAA_NPEAVPxVec3@2@IPEAUQuickHullVertex@local@@1AEAM2@Z 00000001800209a0 f   QuickHullConvexHullLib.obj
 0001:00020570       ?computeMinMaxVerts@QuickHull@local@@IEAAXXZ 0000000180021570 f   QuickHullConvexHullLib.obj
 0001:00020940       ?connectHalfEdges@QuickHullFace@local@@AEAAPEAU12@PEAUQuickHullHalfEdge@2@0@Z 0000000180021940 f   QuickHullConvexHullLib.obj
 0001:00020ca0       ?copy@?$Array@UExpandPoint@local@@VNamedAllocator@shdfnd@physx@@@shdfnd@physx@@KAXPEAUExpandPoint@local@@0PEBU45@@Z 0000000180021ca0 f i QuickHullConvexHullLib.obj
 0001:00020d50       ?createConvexHull@QuickHullConvexHullLib@physx@@UEAA?AW4Enum@PxConvexMeshCookingResult@2@XZ 0000000180021d50 f   QuickHullConvexHullLib.obj
 0001:00021140       ?createEdgeList@QuickHullConvexHullLib@physx@@UEAA_NIPEBEPEAPEAEPEAPEAG2@Z 0000000180022140 f   QuickHullConvexHullLib.obj
 0001:00021370       ?createTriangle@QuickHull@local@@IEAAPEAUQuickHullFace@2@AEBUQuickHullVertex@2@00@Z 0000000180022370 f   QuickHullConvexHullLib.obj
 0001:00021700       ?doAdjacentMerge@QuickHull@local@@IEAA_NAEAUQuickHullFace@2@_NAEA_N@Z 0000000180022700 f   QuickHullConvexHullLib.obj
 0001:00021a40       ?expandHull@QuickHullConvexHullLib@physx@@IEAA?AW4Enum@PxConvexMeshCookingResult@2@XZ 0000000180022a40 f   QuickHullConvexHullLib.obj
 0001:000222a0       ?expandHullOBB@QuickHullConvexHullLib@physx@@IEAA?AW4Enum@PxConvexMeshCookingResult@2@XZ 00000001800232a0 f   QuickHullConvexHullLib.obj
 0001:000226d0       ?fillConvexMeshDesc@QuickHullConvexHullLib@physx@@UEAAXAEAVPxConvexMeshDesc@2@@Z 00000001800236d0 f   QuickHullConvexHullLib.obj
 0001:00022720       ?fillConvexMeshDescFromCroppedHull@QuickHullConvexHullLib@physx@@IEAAXAEAVPxConvexMeshDesc@2@@Z 0000000180023720 f   QuickHullConvexHullLib.obj
 0001:00022910       ?fillConvexMeshDescFromQuickHull@QuickHullConvexHullLib@physx@@IEAAXAEAVPxConvexMeshDesc@2@@Z 0000000180023910 f   QuickHullConvexHullLib.obj
 0001:00022c80       ?findSimplex@QuickHull@local@@IEAA_NXZ 0000000180023c80 f   QuickHullConvexHullLib.obj
 0001:00023930       ?getFreeItem@?$MemBlock@UQuickHullFace@local@@$00@local@@QEAAPEAUQuickHullFace@2@XZ 0000000180024930 f i QuickHullConvexHullLib.obj
 0001:00023a60       ?getFreeItem@?$MemBlock@UQuickHullHalfEdge@local@@$0A@@local@@QEAAPEAUQuickHullHalfEdge@2@XZ 0000000180024a60 f i QuickHullConvexHullLib.obj
 0001:00023b40       ?growAndPushBack@?$Array@PEAUQuickHullVertex@local@@VNamedAllocator@shdfnd@physx@@@shdfnd@physx@@IEAAAEAPEAUQuickHullVertex@local@@AEBQEAU45@@Z 0000000180024b40 f i QuickHullConvexHullLib.obj
 0001:00023b40       ?growAndPushBack@?$Array@PEAUQuickHullHalfEdge@local@@VNamedAllocator@shdfnd@physx@@@shdfnd@physx@@IEAAAEAPEAUQuickHullHalfEdge@local@@AEBQEAU45@@Z 0000000180024b40 f i QuickHullConvexHullLib.obj
 0001:00023b40       ?growAndPushBack@?$Array@PEAUQuickHullFace@local@@VNamedAllocator@shdfnd@physx@@@shdfnd@physx@@IEAAAEAPEAUQuickHullFace@local@@AEBQEAU45@@Z 0000000180024b40 f i QuickHullConvexHullLib.obj
 0001:00023c30       ?growAndPushBack@?$Array@UExpandPoint@local@@VNamedAllocator@shdfnd@physx@@@shdfnd@physx@@IEAAAEAUExpandPoint@local@@AEBU45@@Z 0000000180024c30 f i QuickHullConvexHullLib.obj
 0001:00023d70       ?init@?$MemBlock@UQuickHullFace@local@@$00@local@@QEAAXI@Z 0000000180024d70 f i QuickHullConvexHullLib.obj
 0001:00023e50       ?init@?$MemBlock@UQuickHullHalfEdge@local@@$0A@@local@@QEAAXI@Z 0000000180024e50 f i QuickHullConvexHullLib.obj
 0001:00023ef0       ?mergeAdjacentFace@QuickHullFace@local@@QEAA_NPEAUQuickHullHalfEdge@2@AEAV?$Array@PEAUQuickHullFace@local@@VNamedAllocator@shdfnd@physx@@@shdfnd@physx@@@Z 0000000180024ef0 f   QuickHullConvexHullLib.obj
 0001:00024340       ?nextPointToAdd@QuickHull@local@@IEAAPEAUQuickHullVertex@2@AEAPEAUQuickHullFace@2@@Z 0000000180025340 f   QuickHullConvexHullLib.obj
 0001:000244c0       ?parseInputVertices@QuickHull@local@@QEAAXPEBVPxVec3@physx@@I@Z 00000001800254c0 f   QuickHullConvexHullLib.obj
 0001:00024650       ?postMergeHull@QuickHull@local@@IEAAXXZ 0000000180025650 f   QuickHullConvexHullLib.obj
 0001:000248b0       ?preallocate@QuickHull@local@@QEAAXI@Z 00000001800258b0 f   QuickHullConvexHullLib.obj
 0001:000249f0       ?recreate@?$Array@PEAUQuickHullHalfEdge@local@@VNamedAllocator@shdfnd@physx@@@shdfnd@physx@@IEAAXI@Z 00000001800259f0 f i QuickHullConvexHullLib.obj
 0001:000249f0       ?recreate@?$Array@PEAUQuickHullFace@local@@VNamedAllocator@shdfnd@physx@@@shdfnd@physx@@IEAAXI@Z 00000001800259f0 f i QuickHullConvexHullLib.obj
 0001:000249f0       ?recreate@?$Array@PEAUQuickHullVertex@local@@VNamedAllocator@shdfnd@physx@@@shdfnd@physx@@IEAAXI@Z 00000001800259f0 f i QuickHullConvexHullLib.obj
 0001:00024aa0       ?recreate@?$Array@UExpandPoint@local@@VNamedAllocator@shdfnd@physx@@@shdfnd@physx@@IEAAXI@Z 0000000180025aa0 f i QuickHullConvexHullLib.obj
 0001:00024b40       ?resolveUnclaimedPoints@QuickHull@local@@IEAAXAEBV?$Array@PEAUQuickHullFace@local@@VNamedAllocator@shdfnd@physx@@@shdfnd@physx@@@Z 0000000180025b40 f   QuickHullConvexHullLib.obj
 0001:00025840       ?computeVolumeIntegralsEberly@physx@@YA_NAEBVPxConvexMeshDesc@1@MAEAUPxIntegrals@1@AEBVPxVec3@1@@Z 0000000180026840 f   VolumeIntegration.obj
 0001:00025880       ?computeVolumeIntegralsEberlySIMD@physx@@YA_NAEBVPxConvexMeshDesc@1@MAEAUPxIntegrals@1@AEBVPxVec3@1@@Z 0000000180026880 f   VolumeIntegration.obj
 0001:00025ec0       ?cookingDelayHook@@YAP6A_JXZIPEAUDelayLoadInfo@@@Z 0000000180026ec0 f   WindowsCookingDelayLoadHook.obj
 0001:00025fa0       PxSetPhysXCookingDelayLoadHook 0000000180026fa0 f   WindowsCookingDelayLoadHook.obj
 0001:00025fa8       __imp_load_??0RadixSortBuffered@Cm@physx@@QEAA@XZ 0000000180026fa8 f   PhysXCommon_64:PhysXCommon_64.dll
 0001:00025fb4       ??0RadixSortBuffered@Cm@physx@@QEAA@XZ 0000000180026fb4 f   PhysXCommon_64:PhysXCommon_64.dll
 0001:00025fba       __tailMerge_physxcommon_64_dll 0000000180026fba     PhysXCommon_64:PhysXCommon_64.dll
 0001:00026033       __imp_load_??1RadixSortBuffered@Cm@physx@@UEAA@XZ 0000000180027033 f   PhysXCommon_64:PhysXCommon_64.dll
 0001:0002603f       ??1RadixSortBuffered@Cm@physx@@UEAA@XZ 000000018002703f f   PhysXCommon_64:PhysXCommon_64.dll
 0001:00026045       __imp_load_?Sort@RadixSortBuffered@Cm@physx@@QEAAAEAV123@PEBIIW4RadixHint@23@@Z 0000000180027045 f   PhysXCommon_64:PhysXCommon_64.dll
 0001:00026051       ?Sort@RadixSortBuffered@Cm@physx@@QEAAAEAV123@PEBIIW4RadixHint@23@@Z 0000000180027051 f   PhysXCommon_64:PhysXCommon_64.dll
 0001:00026057       __imp_load_??0HeightField@Gu@physx@@QEAA@PEAVGuMeshFactory@2@@Z 0000000180027057 f   PhysXCommon_64:PhysXCommon_64.dll
 0001:00026063       ??0HeightField@Gu@physx@@QEAA@PEAVGuMeshFactory@2@@Z 0000000180027063 f   PhysXCommon_64:PhysXCommon_64.dll
 0001:00026069       __imp_load_?loadFromDesc@HeightField@Gu@physx@@QEAA_NAEBVPxHeightFieldDesc@3@@Z 0000000180027069 f   PhysXCommon_64:PhysXCommon_64.dll
 0001:00026075       ?loadFromDesc@HeightField@Gu@physx@@QEAA_NAEBVPxHeightFieldDesc@3@@Z 0000000180027075 f   PhysXCommon_64:PhysXCommon_64.dll
 0001:0002607b       __imp_load_?computeCellCoordinates@HeightField@Gu@physx@@QEBAIMMAEAM0@Z 000000018002707b f   PhysXCommon_64:PhysXCommon_64.dll
 0001:00026087       ?computeCellCoordinates@HeightField@Gu@physx@@QEBAIMMAEAM0@Z 0000000180027087 f   PhysXCommon_64:PhysXCommon_64.dll
 0001:0002608d       __imp_load_?releaseMemory@HeightField@Gu@physx@@QEAAXXZ 000000018002708d f   PhysXCommon_64:PhysXCommon_64.dll
 0001:00026099       ?releaseMemory@HeightField@Gu@physx@@QEAAXXZ 0000000180027099 f   PhysXCommon_64:PhysXCommon_64.dll
 0001:0002609f       __imp_load_??1HeightField@Gu@physx@@UEAA@XZ 000000018002709f f   PhysXCommon_64:PhysXCommon_64.dll
 0001:000260ab       ??1HeightField@Gu@physx@@UEAA@XZ 00000001800270ab f   PhysXCommon_64:PhysXCommon_64.dll
 0001:000260b1       __imp_load_??0NodeAllocator@Gu@physx@@QEAA@XZ 00000001800270b1 f   PhysXCommon_64:PhysXCommon_64.dll
 0001:000260bd       ??0NodeAllocator@Gu@physx@@QEAA@XZ 00000001800270bd f   PhysXCommon_64:PhysXCommon_64.dll
 0001:000260c3       __imp_load_??1NodeAllocator@Gu@physx@@QEAA@XZ 00000001800270c3 f   PhysXCommon_64:PhysXCommon_64.dll
 0001:000260cf       ??1NodeAllocator@Gu@physx@@QEAA@XZ 00000001800270cf f   PhysXCommon_64:PhysXCommon_64.dll
 0001:000260d5       __imp_load_?release@NodeAllocator@Gu@physx@@QEAAXXZ 00000001800270d5 f   PhysXCommon_64:PhysXCommon_64.dll
 0001:000260e1       ?release@NodeAllocator@Gu@physx@@QEAAXXZ 00000001800270e1 f   PhysXCommon_64:PhysXCommon_64.dll
 0001:000260e7       __imp_load_?buildAABBTree@Gu@physx@@YA_NAEAVAABBTreeBuildParams@12@AEAVNodeAllocator@12@AEAUBuildStats@12@AEAPEAI@Z 00000001800270e7 f   PhysXCommon_64:PhysXCommon_64.dll
 0001:000260f3       ?buildAABBTree@Gu@physx@@YA_NAEAVAABBTreeBuildParams@12@AEAVNodeAllocator@12@AEAUBuildStats@12@AEAPEAI@Z 00000001800270f3 f   PhysXCommon_64:PhysXCommon_64.dll
 0001:000260f9       __imp_load_?writeDword@physx@@YAXI_NAEAVPxOutputStream@1@@Z 00000001800270f9 f   PhysXCommon_64:PhysXCommon_64.dll
 0001:00026105       ?writeDword@physx@@YAXI_NAEAVPxOutputStream@1@@Z 0000000180027105 f   PhysXCommon_64:PhysXCommon_64.dll
 0001:0002610b       __imp_load_?writeFloatBuffer@physx@@YAXPEBMI_NAEAVPxOutputStream@1@@Z 000000018002710b f   PhysXCommon_64:PhysXCommon_64.dll
 0001:00026117       ?writeFloatBuffer@physx@@YAXPEBMI_NAEAVPxOutputStream@1@@Z 0000000180027117 f   PhysXCommon_64:PhysXCommon_64.dll
 0001:0002611d       __imp_load_?writeHeader@physx@@YA_NCCCCI_NAEAVPxOutputStream@1@@Z 000000018002711d f   PhysXCommon_64:PhysXCommon_64.dll
 0001:00026129       ?writeHeader@physx@@YA_NCCCCI_NAEAVPxOutputStream@1@@Z 0000000180027129 f   PhysXCommon_64:PhysXCommon_64.dll
 0001:0002612f       __imp_load_?writeWord@physx@@YAXG_NAEAVPxOutputStream@1@@Z 000000018002712f f   PhysXCommon_64:PhysXCommon_64.dll
 0001:0002613b       ?writeWord@physx@@YAXG_NAEAVPxOutputStream@1@@Z 000000018002713b f   PhysXCommon_64:PhysXCommon_64.dll
 0001:00026141       __imp_load_?writeFloat@physx@@YAXM_NAEAVPxOutputStream@1@@Z 0000000180027141 f   PhysXCommon_64:PhysXCommon_64.dll
 0001:0002614d       ?writeFloat@physx@@YAXM_NAEAVPxOutputStream@1@@Z 000000018002714d f   PhysXCommon_64:PhysXCommon_64.dll
 0001:00026153       __imp_load_?computeBoundsAroundVertices@Gu@physx@@YAXAEAVPxBounds3@2@IPEIBVPxVec3@2@@Z 0000000180027153 f   PhysXCommon_64:PhysXCommon_64.dll
 0001:0002615f       ?computeBoundsAroundVertices@Gu@physx@@YAXAEAVPxBounds3@2@IPEIBVPxVec3@2@@Z 000000018002715f f   PhysXCommon_64:PhysXCommon_64.dll
 0001:00026165       __imp_load_??0SourceMesh@Gu@physx@@QEAA@XZ 0000000180027165 f   PhysXCommon_64:PhysXCommon_64.dll
 0001:00026171       ??0SourceMesh@Gu@physx@@QEAA@XZ 0000000180027171 f   PhysXCommon_64:PhysXCommon_64.dll
 0001:00026177       __imp_load_??1SourceMesh@Gu@physx@@QEAA@XZ 0000000180027177 f   PhysXCommon_64:PhysXCommon_64.dll
 0001:00026183       ??1SourceMesh@Gu@physx@@QEAA@XZ 0000000180027183 f   PhysXCommon_64:PhysXCommon_64.dll
 0001:00026189       __imp_load_??0BV4Tree@Gu@physx@@QEAA@XZ 0000000180027189 f   PhysXCommon_64:PhysXCommon_64.dll
 0001:00026195       ??0BV4Tree@Gu@physx@@QEAA@XZ 0000000180027195 f   PhysXCommon_64:PhysXCommon_64.dll
 0001:0002619b       __imp_load_??1BV4Tree@Gu@physx@@QEAA@XZ 000000018002719b f   PhysXCommon_64:PhysXCommon_64.dll
 0001:000261a7       ??1BV4Tree@Gu@physx@@QEAA@XZ 00000001800271a7 f   PhysXCommon_64:PhysXCommon_64.dll
 0001:000261ad       __imp_load_??0BV32Tree@Gu@physx@@QEAA@XZ 00000001800271ad f   PhysXCommon_64:PhysXCommon_64.dll
 0001:000261b9       ??0BV32Tree@Gu@physx@@QEAA@XZ 00000001800271b9 f   PhysXCommon_64:PhysXCommon_64.dll
 0001:000261bf       __imp_load_??1BV32Tree@Gu@physx@@QEAA@XZ 00000001800271bf f   PhysXCommon_64:PhysXCommon_64.dll
 0001:000261cb       ??1BV32Tree@Gu@physx@@QEAA@XZ 00000001800271cb f   PhysXCommon_64:PhysXCommon_64.dll
 0001:000261d1       __imp_load_?writeWordBuffer@physx@@YAXPEBGI_NAEAVPxOutputStream@1@@Z 00000001800271d1 f   PhysXCommon_64:PhysXCommon_64.dll
 0001:000261dd       ?writeWordBuffer@physx@@YAXPEBGI_NAEAVPxOutputStream@1@@Z 00000001800271dd f   PhysXCommon_64:PhysXCommon_64.dll
 0001:000261e3       __imp_load_?computeMaxIndex@physx@@YAIPEBII@Z 00000001800271e3 f   PhysXCommon_64:PhysXCommon_64.dll
 0001:000261ef       ?computeMaxIndex@physx@@YAIPEBII@Z 00000001800271ef f   PhysXCommon_64:PhysXCommon_64.dll
 0001:000261f5       __imp_load_?storeIndices@physx@@YAXIIPEBIAEAVPxOutputStream@1@_N@Z 00000001800271f5 f   PhysXCommon_64:PhysXCommon_64.dll
 0001:00026201       ?storeIndices@physx@@YAXIIPEBIAEAVPxOutputStream@1@_N@Z 0000000180027201 f   PhysXCommon_64:PhysXCommon_64.dll
 0001:00026207       __imp_load_?BuildBV4Ex@Gu@physx@@YA_NAEAVBV4Tree@12@AEAVSourceMesh@12@MI@Z 0000000180027207 f   PhysXCommon_64:PhysXCommon_64.dll
 0001:00026213       ?BuildBV4Ex@Gu@physx@@YA_NAEAVBV4Tree@12@AEAVSourceMesh@12@MI@Z 0000000180027213 f   PhysXCommon_64:PhysXCommon_64.dll
 0001:00026219       __imp_load_?BuildBV32Ex@Gu@physx@@YA_NAEAVBV32Tree@12@AEAVSourceMesh@12@MI@Z 0000000180027219 f   PhysXCommon_64:PhysXCommon_64.dll
 0001:00026225       ?BuildBV32Ex@Gu@physx@@YA_NAEAVBV32Tree@12@AEAVSourceMesh@12@MI@Z 0000000180027225 f   PhysXCommon_64:PhysXCommon_64.dll
 0001:0002622b       __imp_load_?computeMaxIndex@physx@@YAGPEBGI@Z 000000018002722b f   PhysXCommon_64:PhysXCommon_64.dll
 0001:00026237       ?computeMaxIndex@physx@@YAGPEBGI@Z 0000000180027237 f   PhysXCommon_64:PhysXCommon_64.dll
 0001:0002623d       __imp_load_?WriteHeader@Gu@physx@@YA_NEEEEI_NAEAVPxOutputStream@2@@Z 000000018002723d f   PhysXCommon_64:PhysXCommon_64.dll
 0001:00026249       ?WriteHeader@Gu@physx@@YA_NEEEEI_NAEAVPxOutputStream@2@@Z 0000000180027249 f   PhysXCommon_64:PhysXCommon_64.dll
 0001:0002624f       __imp_load_?StoreIndices@Gu@physx@@YAXGIPEBGAEAVPxOutputStream@2@_N@Z 000000018002724f f   PhysXCommon_64:PhysXCommon_64.dll
 0001:0002625b       ?StoreIndices@Gu@physx@@YAXGIPEBGAEAVPxOutputStream@2@_N@Z 000000018002725b f   PhysXCommon_64:PhysXCommon_64.dll
 0001:00026261       __imp_load_?CreateOffsets@BigConvexData@physx@@IEAAXXZ 0000000180027261 f   PhysXCommon_64:PhysXCommon_64.dll
 0001:0002626d       ?CreateOffsets@BigConvexData@physx@@IEAAXXZ 000000018002726d f   PhysXCommon_64:PhysXCommon_64.dll
 0001:00026273       __imp_load_?computeOBBPoints@Gu@physx@@YAXPEIAVPxVec3@2@AEBV32@1111@Z 0000000180027273 f   PhysXCommon_64:PhysXCommon_64.dll
 0001:0002627f       ?computeOBBPoints@Gu@physx@@YAXPEIAVPxVec3@2@AEBV32@1111@Z 000000018002727f f   PhysXCommon_64:PhysXCommon_64.dll
 0001:00026285       __imp_load_??0BigConvexData@physx@@QEAA@XZ 0000000180027285 f   PhysXCommon_64:PhysXCommon_64.dll
 0001:00026291       ??0BigConvexData@physx@@QEAA@XZ 0000000180027291 f   PhysXCommon_64:PhysXCommon_64.dll
 0001:00026297       __imp_load_??1BigConvexData@physx@@QEAA@XZ 0000000180027297 f   PhysXCommon_64:PhysXCommon_64.dll
 0001:000262a3       ??1BigConvexData@physx@@QEAA@XZ 00000001800272a3 f   PhysXCommon_64:PhysXCommon_64.dll
 0001:000262a9       __imp_load_PxGetFoundation 00000001800272a9 f   PhysXFoundation_64:PhysXFoundation_64.dll
 0001:000262b5       PxGetFoundation            00000001800272b5 f   PhysXFoundation_64:PhysXFoundation_64.dll
 0001:000262bb       __tailMerge_physxfoundation_64_dll 00000001800272bb     PhysXFoundation_64:PhysXFoundation_64.dll
 0001:00026334       __imp_load_?getAllocator@shdfnd@physx@@YAAEAVPxAllocatorCallback@2@XZ 0000000180027334 f   PhysXFoundation_64:PhysXFoundation_64.dll
 0001:00026340       ?getAllocator@shdfnd@physx@@YAAEAVPxAllocatorCallback@2@XZ 0000000180027340 f   PhysXFoundation_64:PhysXFoundation_64.dll
 0001:00026346       __imp_load_??0NamedAllocator@shdfnd@physx@@QEAA@PEBD@Z 0000000180027346 f   PhysXFoundation_64:PhysXFoundation_64.dll
 0001:00026352       ??0NamedAllocator@shdfnd@physx@@QEAA@PEBD@Z 0000000180027352 f   PhysXFoundation_64:PhysXFoundation_64.dll
 0001:00026358       __imp_load_?getInstance@Foundation@shdfnd@physx@@SAAEAV123@XZ 0000000180027358 f   PhysXFoundation_64:PhysXFoundation_64.dll
 0001:00026364       ?getInstance@Foundation@shdfnd@physx@@SAAEAV123@XZ 0000000180027364 f   PhysXFoundation_64:PhysXFoundation_64.dll
 0001:0002636a       __imp_load_?error@Foundation@shdfnd@physx@@QEAAXW4Enum@PxErrorCode@3@PEBDH1ZZ 000000018002736a f   PhysXFoundation_64:PhysXFoundation_64.dll
 0001:00026376       ?error@Foundation@shdfnd@physx@@QEAAXW4Enum@PxErrorCode@3@PEBDH1ZZ 0000000180027376 f   PhysXFoundation_64:PhysXFoundation_64.dll
 0001:0002637c       __imp_load_?allocate@NamedAllocator@shdfnd@physx@@QEAAPEAX_KPEBDH@Z 000000018002737c f   PhysXFoundation_64:PhysXFoundation_64.dll
 0001:00026388       ?allocate@NamedAllocator@shdfnd@physx@@QEAAPEAX_KPEBDH@Z 0000000180027388 f   PhysXFoundation_64:PhysXFoundation_64.dll
 0001:0002638e       __imp_load_?deallocate@NamedAllocator@shdfnd@physx@@QEAAXPEAX@Z 000000018002738e f   PhysXFoundation_64:PhysXFoundation_64.dll
 0001:0002639a       ?deallocate@NamedAllocator@shdfnd@physx@@QEAAXPEAX@Z 000000018002739a f   PhysXFoundation_64:PhysXFoundation_64.dll
 0001:000263a0       __imp_load_?incRefCount@Foundation@shdfnd@physx@@SAXXZ 00000001800273a0 f   PhysXFoundation_64:PhysXFoundation_64.dll
 0001:000263ac       ?incRefCount@Foundation@shdfnd@physx@@SAXXZ 00000001800273ac f   PhysXFoundation_64:PhysXFoundation_64.dll
 0001:000263b2       __imp_load_?decRefCount@Foundation@shdfnd@physx@@SAXXZ 00000001800273b2 f   PhysXFoundation_64:PhysXFoundation_64.dll
 0001:000263be       ?decRefCount@Foundation@shdfnd@physx@@SAXXZ 00000001800273be f   PhysXFoundation_64:PhysXFoundation_64.dll
 0001:000263c4       __imp_load_??0FPUGuard@shdfnd@physx@@QEAA@XZ 00000001800273c4 f   PhysXFoundation_64:PhysXFoundation_64.dll
 0001:000263d0       ??0FPUGuard@shdfnd@physx@@QEAA@XZ 00000001800273d0 f   PhysXFoundation_64:PhysXFoundation_64.dll
 0001:000263d6       __imp_load_??1FPUGuard@shdfnd@physx@@QEAA@XZ 00000001800273d6 f   PhysXFoundation_64:PhysXFoundation_64.dll
 0001:000263e2       ??1FPUGuard@shdfnd@physx@@QEAA@XZ 00000001800273e2 f   PhysXFoundation_64:PhysXFoundation_64.dll
 0001:000263e8       __imp_load_??1NamedAllocator@shdfnd@physx@@QEAA@XZ 00000001800273e8 f   PhysXFoundation_64:PhysXFoundation_64.dll
 0001:000263f4       ??1NamedAllocator@shdfnd@physx@@QEAA@XZ 00000001800273f4 f   PhysXFoundation_64:PhysXFoundation_64.dll
 0001:000263fa       __imp_load_??0NamedAllocator@shdfnd@physx@@QEAA@AEBV012@@Z 00000001800273fa f   PhysXFoundation_64:PhysXFoundation_64.dll
 0001:00026406       ??0NamedAllocator@shdfnd@physx@@QEAA@AEBV012@@Z 0000000180027406 f   PhysXFoundation_64:PhysXFoundation_64.dll
 0001:0002640c       __imp_load_?allocate@TempAllocator@shdfnd@physx@@QEAAPEAX_KPEBDH@Z 000000018002740c f   PhysXFoundation_64:PhysXFoundation_64.dll
 0001:00026418       ?allocate@TempAllocator@shdfnd@physx@@QEAAPEAX_KPEBDH@Z 0000000180027418 f   PhysXFoundation_64:PhysXFoundation_64.dll
 0001:0002641e       __imp_load_?deallocate@TempAllocator@shdfnd@physx@@QEAAXPEAX@Z 000000018002741e f   PhysXFoundation_64:PhysXFoundation_64.dll
 0001:0002642a       ?deallocate@TempAllocator@shdfnd@physx@@QEAAXPEAX@Z 000000018002742a f   PhysXFoundation_64:PhysXFoundation_64.dll
 0001:00026430       __imp_load_?PxDiagonalize@physx@@YA?AVPxVec3@1@AEBVPxMat33@1@AEAVPxQuat@1@@Z 0000000180027430 f   PhysXFoundation_64:PhysXFoundation_64.dll
 0001:0002643c       ?PxDiagonalize@physx@@YA?AVPxVec3@1@AEBVPxMat33@1@AEAVPxQuat@1@@Z 000000018002743c f   PhysXFoundation_64:PhysXFoundation_64.dll
 0001:00026444       ?DloadAcquireSectionWriteAccess@@YAXXZ 0000000180027444 f i Delayimp:delayhlp.obj
 0001:000264f0       ?DloadGetSRWLockFunctionPointers@@YAEXZ 00000001800274f0 f i Delayimp:delayhlp.obj
 0001:0002658c       ?DloadMakePermanentImageCommit@@YAXPEAX_K@Z 000000018002758c f i Delayimp:delayhlp.obj
 0001:00026624       ?DloadObtainSection@@YAPEAXPEAK0@Z 0000000180027624 f i Delayimp:delayhlp.obj
 0001:000266c0       ?DloadProtectSection@@YAXKPEAK@Z 00000001800276c0 f i Delayimp:delayhlp.obj
 0001:00026750       ?DloadReleaseSectionWriteAccess@@YAXXZ 0000000180027750 f i Delayimp:delayhlp.obj
 0001:000267e4       __delayLoadHelper2         00000001800277e4 f   Delayimp:delayhlp.obj
 0001:00026ab8       ??3@YAXPEAX_K@Z            0000000180027ab8 f   LIBCMT:delete_scalar_size.obj
 0001:00026ab8       ??_V@YAXPEAX@Z             0000000180027ab8 f   LIBCMT:delete_array.obj
 0001:00026ac0       ??_Etype_info@@UEAAPEAXI@Z 0000000180027ac0 f i LIBCMT:std_type_info_static.obj
 0001:00026ac0       ??_Gtype_info@@UEAAPEAXI@Z 0000000180027ac0 f i LIBCMT:std_type_info_static.obj
 0001:00026aec       ?__scrt_initialize_type_info@@YAXXZ 0000000180027aec f   LIBCMT:tncleanup.obj
 0001:00026afc       ?__scrt_uninitialize_type_info@@YAXXZ 0000000180027afc f   LIBCMT:tncleanup.obj
 0001:00026b20       __chkstk                   0000000180027b20 f   LIBCMT:chkstk.obj
 0001:00026b20       _alloca_probe              0000000180027b20 f   LIBCMT:chkstk.obj
 0001:00026b70       ??3@YAXPEAX@Z              0000000180027b70 f   LIBCMT:delete_scalar.obj
 0001:00026b80       __vdecl_sinf4              0000000180027b80 f   LIBCMT:svml_ssinf4_dispatch.obj
 0001:00026ba0       __libm_sse2_sincosf_       0000000180027ba0 f   LIBCMT:svml_ssinf4_dispatch.obj
 0001:00026be3       __libm_sse2_sincosf4_      0000000180027be3 f   LIBCMT:svml_ssinf4_dispatch.obj
 0001:00026f10       _DllMainCRTStartup         0000000180027f10 f   LIBCMT:dll_dllmain.obj
 0001:00026f50       __isa_available_init       0000000180027f50 f   LIBCMT:cpu_disp.obj
 0001:00027100       __sse2_sinf4@@16           0000000180028100 f   LIBCMT:svml_ssinf4_sse2.obj
 0001:00027a40       __sse4_sinf4@@16           0000000180028a40 f   LIBCMT:svml_ssinf4_sse4.obj
 0001:000281b4       __security_init_cookie     00000001800291b4 f   LIBCMT:gs_support.obj
 0001:00028260       __local_stdio_printf_options 0000000180029260 f i LIBCMT:default_local_stdio_options.obj
 0001:00028268       __local_stdio_scanf_options 0000000180029268 f i LIBCMT:default_local_stdio_options.obj
 0001:00028270       __scrt_initialize_default_local_stdio_options 0000000180029270 f   LIBCMT:default_local_stdio_options.obj
 0001:0002828c       __scrt_acquire_startup_lock 000000018002928c f   LIBCMT:utility.obj
 0001:000282c8       __scrt_dllmain_after_initialize_c 00000001800292c8 f   LIBCMT:utility.obj
 0001:000282fc       __scrt_dllmain_before_initialize_c 00000001800292fc f   LIBCMT:utility.obj
 0001:00028314       __scrt_dllmain_crt_thread_attach 0000000180029314 f   LIBCMT:utility.obj
 0001:0002833c       __scrt_dllmain_crt_thread_detach 000000018002933c f   LIBCMT:utility.obj
 0001:00028354       __scrt_dllmain_exception_filter 0000000180029354 f   LIBCMT:utility.obj
 0001:000283b4       __scrt_dllmain_uninitialize_c 00000001800293b4 f   LIBCMT:utility.obj
 0001:000283e4       __scrt_dllmain_uninitialize_critical 00000001800293e4 f   LIBCMT:utility.obj
 0001:000283f8       __scrt_initialize_crt      00000001800293f8 f   LIBCMT:utility.obj
 0001:00028444       __scrt_initialize_onexit_tables 0000000180029444 f   LIBCMT:utility.obj
 0001:000284d0       __scrt_is_nonwritable_in_current_image 00000001800294d0 f   LIBCMT:utility.obj
 0001:00028568       __scrt_release_startup_lock 0000000180029568 f   LIBCMT:utility.obj
 0001:0002858c       __scrt_uninitialize_crt    000000018002958c f   LIBCMT:utility.obj
 0001:000285b8       __scrt_get_dyn_tls_init_callback 00000001800295b8 f   LIBCMT:dyn_tls_init.obj
 0001:000285c0       __crt_debugger_hook        00000001800295c0 f   LIBCMT:utility_desktop.obj
 0001:000285c8       __scrt_fastfail            00000001800295c8 f   LIBCMT:utility_desktop.obj
 0001:00028714       _RTC_Initialize            0000000180029714 f   LIBCMT:initsect.obj
 0001:00028750       _RTC_Terminate             0000000180029750 f   LIBCMT:initsect.obj
 0001:00028790       __common_ssin_cout_rare    0000000180029790 f   LIBCMT:svml_s_sin_cout.obj
 0001:00028800       __scrt_is_ucrt_dll_in_use  0000000180029800 f   LIBCMT:ucrt_detection.obj
 0001:0002880c       _get_purecall_handler      000000018002980c f   libvcruntime:purevirt.obj
 0001:00028818       _purecall                  0000000180029818 f   libvcruntime:purevirt.obj
 0001:0002883c       __std_type_info_compare    000000018002983c f   libvcruntime:std_type_info.obj
 0001:00028864       __std_type_info_destroy_list 0000000180029864 f   libvcruntime:std_type_info.obj
 0001:00028890       __std_type_info_name       0000000180029890 f   libvcruntime:std_type_info.obj
 0001:000289c0       memset_repmovs             00000001800299c0 f   libvcruntime:memset.obj
 0001:000289e0       memset                     00000001800299e0 f   libvcruntime:memset.obj
 0001:00028b80       memcpy_repmovs             0000000180029b80 f   libvcruntime:memcpy.obj
 0001:00028ba0       memcpy                     0000000180029ba0 f   libvcruntime:memcpy.obj
 0001:00028ba0       memmove                    0000000180029ba0 f   libvcruntime:memcpy.obj
 0001:00029218       strstr                     000000018002a218 f   libvcruntime:strstr.obj
 0001:00029414       __C_specific_handler       000000018002a414 f   libvcruntime:riscchandler.obj
 0001:00029620       __vcrt_initialize          000000018002a620 f   libvcruntime:initialization.obj
 0001:00029648       __vcrt_thread_attach       000000018002a648 f   libvcruntime:initialization.obj
 0001:0002965c       __vcrt_thread_detach       000000018002a65c f   libvcruntime:initialization.obj
 0001:00029670       __vcrt_uninitialize        000000018002a670 f   libvcruntime:initialization.obj
 0001:0002968c       __vcrt_uninitialize_critical 000000018002a68c f   libvcruntime:initialization.obj
 0001:0002969c       __DestructExceptionObject  000000018002a69c f   libvcruntime:ehhelpers.obj
 0001:0002970c       ?_CallMemberFunction0@@YAXQEAX0@Z 000000018002a70c f i libvcruntime:ehhelpers.obj
 0001:00029710       _IsExceptionObjectToBeDestroyed 000000018002a710 f   libvcruntime:ehhelpers.obj
 0001:00029740       __AdjustPointer            000000018002a740 f   libvcruntime:ehhelpers.obj
 0001:00029764       __FrameUnwindFilter        000000018002a764 f   libvcruntime:ehhelpers.obj
 0001:000297cc       ??$?0$00@DName@@QEAA@PEBDU?$StringLifeSelector@$00@@@Z 000000018002a7cc f i libvcruntime:undname.obj
 0001:0002980c       ??$?0$0A@@DName@@QEAA@PEBDU?$StringLifeSelector@$0A@@@@Z 000000018002a80c f i libvcruntime:undname.obj
 0001:0002980c       ??$?0$01@DName@@QEAA@PEBDU?$StringLifeSelector@$01@@@Z 000000018002a80c f i libvcruntime:undname.obj
 0001:0002984c       ??$?0$0A@@pcharNode@@QEAA@PEBDHU?$StringLifeSelector@$0A@@@@Z 000000018002a84c f i libvcruntime:undname.obj
 0001:0002984c       ??$?0$01@pcharNode@@QEAA@PEBDHU?$StringLifeSelector@$01@@@Z 000000018002a84c f i libvcruntime:undname.obj
 0001:000298c0       ??$append@VpcharNode@@@DName@@AEAAXPEBVpcharNode@@@Z 000000018002a8c0 f i libvcruntime:undname.obj
 0001:000298c0       ??$append@VDNameNode@@@DName@@AEAAXPEBVDNameNode@@@Z 000000018002a8c0 f i libvcruntime:undname.obj
 0001:000298c0       ??$append@VDNameStatusNode@@@DName@@AEAAXPEBVDNameStatusNode@@@Z 000000018002a8c0 f i libvcruntime:undname.obj
 0001:000298c0       ??$append@VcharNode@@@DName@@AEAAXPEBVcharNode@@@Z 000000018002a8c0 f i libvcruntime:undname.obj
 0001:00029924       ??$doPchar@$00@DName@@AEAAXPEBDH@Z 000000018002a924 f i libvcruntime:undname.obj
 0001:000299c8       ??$doPchar@$01@DName@@AEAAXPEBDH@Z 000000018002a9c8 f i libvcruntime:undname.obj
 0001:000299c8       ??$doPchar@$0A@@DName@@AEAAXPEBDH@Z 000000018002a9c8 f i libvcruntime:undname.obj
 0001:00029a60       ??0DName@@QEAA@AEAPEBDD@Z  000000018002aa60 f   libvcruntime:undname.obj
 0001:00029b10       ??0DName@@QEAA@AEBUStringLiteral@@@Z 000000018002ab10 f   libvcruntime:undname.obj
 0001:00029b3c       ??0DName@@QEAA@PEAV0@@Z    000000018002ab3c f   libvcruntime:undname.obj
 0001:00029bc0       ??0DName@@QEAA@_J@Z        000000018002abc0 f   libvcruntime:undname.obj
 0001:00029c68       ??0DName@@QEAA@_K@Z        000000018002ac68 f   libvcruntime:undname.obj
 0001:00029cf8       ??2@YAPEAX_KAEAV_HeapManager@@H@Z 000000018002acf8 f   libvcruntime:undname.obj
 0001:00029d24       ??AReplicator@@QEBA?AVDName@@H@Z 000000018002ad24 f   libvcruntime:undname.obj
 0001:00029d64       ??HDName@@QEBA?AV0@AEBUStringLiteral@@@Z 000000018002ad64 f   libvcruntime:undname.obj
 0001:00029d90       ??HDName@@QEBA?AV0@AEBV0@@Z 000000018002ad90 f   libvcruntime:undname.obj
 0001:00029dbc       ??HDName@@QEBA?AV0@D@Z     000000018002adbc f   libvcruntime:undname.obj
 0001:00029de8       ??HDName@@QEBA?AV0@W4DNameStatus@@@Z 000000018002ade8 f   libvcruntime:undname.obj
 0001:00029e14       ??YDName@@QEAAAEAV0@AEBUStringLiteral@@@Z 000000018002ae14 f   libvcruntime:undname.obj
 0001:00029e94       ??YDName@@QEAAAEAV0@AEBV0@@Z 000000018002ae94 f   libvcruntime:undname.obj
 0001:00029f48       ??YDName@@QEAAAEAV0@D@Z    000000018002af48 f   libvcruntime:undname.obj
 0001:00029fb4       ??YDName@@QEAAAEAV0@W4DNameStatus@@@Z 000000018002afb4 f   libvcruntime:undname.obj
 0001:0002a020       ??YReplicator@@QEAAAEAV0@AEBVDName@@@Z 000000018002b020 f   libvcruntime:undname.obj
 0001:0002a078       ?UScore@UnDecorator@@SA?AUStringLiteral@@W4Tokens@@@Z 000000018002b078 f   libvcruntime:undname.obj
 0001:0002a0c4       ?composeDeclaration@UnDecorator@@CA?AVDName@@AEBV2@@Z 000000018002b0c4 f i libvcruntime:undname.obj
 0001:0002af6c       ?doPchar@DName@@AEAAXD@Z   000000018002bf6c f   libvcruntime:undname.obj
 0001:0002afbc       ?getAddressOf@UnDecorator@@CA?AVDName@@XZ 000000018002bfbc f   libvcruntime:undname.obj
 0001:0002b04c       ?getArgumentList@UnDecorator@@CA?AVDName@@XZ 000000018002c04c f   libvcruntime:undname.obj
 0001:0002b1e0       ?getArgumentTypes@UnDecorator@@CA?AVDName@@XZ 000000018002c1e0 f   libvcruntime:undname.obj
 0001:0002b33c       ?getArrayAccess@UnDecorator@@CA?AVDName@@XZ 000000018002c33c f   libvcruntime:undname.obj
 0001:0002b3d8       ?getArrayObject@UnDecorator@@CA?AVDName@@XZ 000000018002c3d8 f   libvcruntime:undname.obj
 0001:0002b4a0       ?getArrayType@UnDecorator@@CA?AVDName@@AEBV2@@Z 000000018002c4a0 f i libvcruntime:undname.obj
 0001:0002b6e8       ?getBasedType@UnDecorator@@CA?AVDName@@XZ 000000018002c6e8 f   libvcruntime:undname.obj
 0001:0002b7e0       ?getBasicDataType@UnDecorator@@CA?AVDName@@AEBV2@@Z 000000018002c7e0 f   libvcruntime:undname.obj
 0001:0002bd90       ?getCallingConvention@UnDecorator@@CA?AVDName@@XZ 000000018002cd90 f   libvcruntime:undname.obj
 0001:0002bed0       ?getDataIndirectType@UnDecorator@@CA?AVDName@@AEBV2@W4IndirectionKind@@0H@Z 000000018002ced0 f   libvcruntime:undname.obj
 0001:0002c768       ?getDataType@UnDecorator@@CA?AVDName@@PEAV2@@Z 000000018002d768 f   libvcruntime:undname.obj
 0001:0002c87c       ?getDecoratedName@UnDecorator@@CA?AVDName@@XZ 000000018002d87c f   libvcruntime:undname.obj
 0001:0002cb60       ?getDimension@UnDecorator@@CA?AVDName@@_N@Z 000000018002db60 f   libvcruntime:undname.obj
 0001:0002ccac       ?getDispatchTarget@UnDecorator@@CA?AVDName@@XZ 000000018002dcac f   libvcruntime:undname.obj
 0001:0002ccf8       ?getECSUDataType@UnDecorator@@CA?AVDName@@XZ 000000018002dcf8 f   libvcruntime:undname.obj
 0001:0002ced8       ?getEnumType@UnDecorator@@CA?AVDName@@XZ 000000018002ded8 f i libvcruntime:undname.obj
 0001:0002d008       ?getExtendedDataIndirectType@UnDecorator@@CA?AVDName@@AEAW4IndirectionKind@@AEA_NH@Z 000000018002e008 f   libvcruntime:undname.obj
 0001:0002d210       ?getExternalDataType@UnDecorator@@CA?AVDName@@AEBV2@@Z 000000018002e210 f i libvcruntime:undname.obj
 0001:0002d2d0       ?getFloatingPoint@UnDecorator@@CA?AVDName@@H@Z 000000018002e2d0 f   libvcruntime:undname.obj
 0001:0002d3f8       ?getFunctionIndirectType@UnDecorator@@CA?AVDName@@AEBV2@@Z 000000018002e3f8 f   libvcruntime:undname.obj
 0001:0002d930       ?getLastChar@DNameStatusNode@@UEBADXZ 000000018002e930 f i libvcruntime:undname.obj
 0001:0002d93c       ?getLastChar@charNode@@UEBADXZ 000000018002e93c f i libvcruntime:undname.obj
 0001:0002d940       ?getLastChar@pDNameNode@@UEBADXZ 000000018002e940 f i libvcruntime:undname.obj
 0001:0002d96c       ?getLastChar@pairNode@@UEBADXZ 000000018002e96c f i libvcruntime:undname.obj
 0001:0002d9a4       ?getLastChar@pcharNode@@UEBADXZ 000000018002e9a4 f i libvcruntime:undname.obj
[...]
 0002:00011fb9       $N00050                    0000000180056fb9     PhysXCooking_64.exp
 0002:00011fe7       $N00051                    0000000180056fe7     PhysXCooking_64.exp
 0002:00012012       $N00052                    0000000180057012     PhysXCooking_64.exp
 0002:0001203f       $N00053                    000000018005703f     PhysXCooking_64.exp
 0002:00012068       $N00054                    0000000180057068     PhysXCooking_64.exp
 0002:00012097       $N00055                    0000000180057097     PhysXCooking_64.exp
 0002:000120c0       $N00056                    00000001800570c0     PhysXCooking_64.exp
 0002:000120e9       $N00057                    00000001800570e9     PhysXCooking_64.exp
 0002:00012117       $N00058                    0000000180057117     PhysXCooking_64.exp
 0002:0001213f       $N00059                    000000018005713f     PhysXCooking_64.exp
 0002:0001217a       $N00060                    000000018005717a     PhysXCooking_64.exp
 0002:000121a4       $N00061                    00000001800571a4     PhysXCooking_64.exp
 0002:000121d8       $N00062                    00000001800571d8     PhysXCooking_64.exp
 0002:0001220e       $N00063                    000000018005720e     PhysXCooking_64.exp
 0002:0001224a       $N00064                    000000018005724a     PhysXCooking_64.exp
 0002:00012292       $N00065                    0000000180057292     PhysXCooking_64.exp
 0002:000122e2       $N00066                    00000001800572e2     PhysXCooking_64.exp
 0002:00012316       $N00067                    0000000180057316     PhysXCooking_64.exp
 0002:0001234b       $N00068                    000000018005734b     PhysXCooking_64.exp
 0002:00012381       $N00069                    0000000180057381     PhysXCooking_64.exp
 0002:000123a8       $N00070                    00000001800573a8     PhysXCooking_64.exp
 0002:000123f0       $N00071                    00000001800573f0     PhysXCooking_64.exp
 0002:00012436       $N00072                    0000000180057436     PhysXCooking_64.exp
 0002:0001248e       $N00073                    000000018005748e     PhysXCooking_64.exp
 0002:000124d5       $N00074                    00000001800574d5     PhysXCooking_64.exp
 0002:00012500       $N00075                    0000000180057500     PhysXCooking_64.exp
 0002:00012530       $N00076                    0000000180057530     PhysXCooking_64.exp
 0002:00012580       $N00077                    0000000180057580     PhysXCooking_64.exp
 0002:0001262f       $N00078                    000000018005762f     PhysXCooking_64.exp
 0002:0001268d       $N00079                    000000018005768d     PhysXCooking_64.exp
 0002:000126b9       $N00080                    00000001800576b9     PhysXCooking_64.exp
 0002:000126e5       $N00081                    00000001800576e5     PhysXCooking_64.exp
 0002:0001271a       $N00082                    000000018005771a     PhysXCooking_64.exp
 0002:00012743       $N00083                    0000000180057743     PhysXCooking_64.exp
 0002:0001277f       $N00084                    000000018005777f     PhysXCooking_64.exp
 0002:000127ab       $N00085                    00000001800577ab     PhysXCooking_64.exp
 0002:000127de       $N00086                    00000001800577de     PhysXCooking_64.exp
 0002:0001282b       $N00087                    000000018005782b     PhysXCooking_64.exp
 0002:0001285e       $N00088                    000000018005785e     PhysXCooking_64.exp
 0002:00012898       $N00089                    0000000180057898     PhysXCooking_64.exp
 0002:000128d2       $N00090                    00000001800578d2     PhysXCooking_64.exp
 0002:0001290e       $N00091                    000000018005790e     PhysXCooking_64.exp
 0002:00012952       $N00092                    0000000180057952     PhysXCooking_64.exp
 0002:00012981       $N00093                    0000000180057981     PhysXCooking_64.exp
 0002:000129fb       $N00094                    00000001800579fb     PhysXCooking_64.exp
 0002:00012a58       $N00095                    0000000180057a58     PhysXCooking_64.exp
 0002:00012a84       $N00096                    0000000180057a84     PhysXCooking_64.exp
 0002:00012ab8       $N00097                    0000000180057ab8     PhysXCooking_64.exp
 0002:00012af1       $N00098                    0000000180057af1     PhysXCooking_64.exp
 0002:00012b2e       $N00099                    0000000180057b2e     PhysXCooking_64.exp
 0002:00012b64       $N00100                    0000000180057b64     PhysXCooking_64.exp
 0002:00012b91       $N00101                    0000000180057b91     PhysXCooking_64.exp
 0002:00012bbe       $N00102                    0000000180057bbe     PhysXCooking_64.exp
 0002:00012be9       $N00103                    0000000180057be9     PhysXCooking_64.exp
 0002:00012c15       $N00104                    0000000180057c15     PhysXCooking_64.exp
 0002:00012c42       $N00105                    0000000180057c42     PhysXCooking_64.exp
 0002:00012c62       $N00106                    0000000180057c62     PhysXCooking_64.exp
 0002:00012c9e       $N00107                    0000000180057c9e     PhysXCooking_64.exp
 0002:00012ccf       $N00108                    0000000180057ccf     PhysXCooking_64.exp
 0002:00012d01       $N00109                    0000000180057d01     PhysXCooking_64.exp
 0002:00012d43       $N00110                    0000000180057d43     PhysXCooking_64.exp
 0002:00012d70       $N00111                    0000000180057d70     PhysXCooking_64.exp
 0002:00012d94       $N00112                    0000000180057d94     PhysXCooking_64.exp
 0002:00012dc4       $N00113                    0000000180057dc4     PhysXCooking_64.exp
 0002:00012df7       $N00114                    0000000180057df7     PhysXCooking_64.exp
 0002:00012e1c       $N00115                    0000000180057e1c     PhysXCooking_64.exp
 0002:00012e4a       $N00116                    0000000180057e4a     PhysXCooking_64.exp
 0002:00012e72       $N00117                    0000000180057e72     PhysXCooking_64.exp
 0002:00012e92       $N00118                    0000000180057e92     PhysXCooking_64.exp
 0002:00012ed7       $N00119                    0000000180057ed7     PhysXCooking_64.exp
 0002:00012f14       $N00120                    0000000180057f14     PhysXCooking_64.exp
 0002:00012f51       $N00121                    0000000180057f51     PhysXCooking_64.exp
 0002:00012f84       $N00122                    0000000180057f84     PhysXCooking_64.exp
 0002:00012f94       $N00123                    0000000180057f94     PhysXCooking_64.exp
 0002:00013248       .idata$6                   0000000180058248     kernel32:KERNEL32.dll
 0003:00000000       ?MAXDOT_MINANG@local@@3MB  0000000180059000     ConvexHullUtils.obj
 0003:00000004       ?MAXDOT_MINANG@local@@3MB  0000000180059004     QuickHullConvexHullLib.obj
 0003:00000060       ?prefix@?1??getDimension@UnDecorator@@CA?AVDName@@_N@Z@4UStringLiteral@@A 0000000180059060     libvcruntime:undname.obj
 0003:00000070       ?__vcrt_flsindex@@3KA      0000000180059070     libvcruntime:per_thread_data.obj
 0003:00000090       ?dazSupported@?1??_ctrlfp@@9@9 0000000180059090     libucrt:fpctrl.obj
 0003:000000a0       ?__acrt_flsindex@@3KA      00000001800590a0     libucrt:per_thread_data.obj
 0003:000000a4       ?errno_no_memory@@3HA      00000001800590a4     libucrt:errno.obj
 0003:000000a8       ?doserrno_no_memory@@3KA   00000001800590a8     libucrt:errno.obj
 0003:000002e0       _mbctypes                  00000001800592e0     libucrt:mbctype.obj
 0003:000003f0       _mbcasemaps                00000001800593f0     libucrt:mbctype.obj
 0003:000004f0       ?__rgctypeflag@@3PADA      00000001800594f0     libucrt:mbctype.obj
 0003:00000500       ?__rgcode_page_info@@3PAUcode_page_info@@A 0000000180059500     libucrt:mbctype.obj
 0003:00000a20       ?__dcrt_lowio_console_output_handle@@3PEAXEA 0000000180059a20     libucrt:initcon.obj
 0003:00000a28       ?dazSupported@?1??common_control87@@9@9 0000000180059a28     libucrt:ieee.obj
 0003:00001030       ?maxV3Error@_VecMathTests@aos@shdfnd@physx@@3T__m128@@B 000000018005a030     Cooking.obj
 0003:00001040       ?minFError@_VecMathTests@aos@shdfnd@physx@@3T__m128@@B 000000018005a040     Cooking.obj
 0003:00001050       ?maxV4Error@_VecMathTests@aos@shdfnd@physx@@3T__m128@@B 000000018005a050     Cooking.obj
 0003:00001060       ?minV4Error@_VecMathTests@aos@shdfnd@physx@@3T__m128@@B 000000018005a060     Cooking.obj
 0003:00001070       ?minV3Error@_VecMathTests@aos@shdfnd@physx@@3T__m128@@B 000000018005a070     Cooking.obj
 0003:00001080       ?maxFError@_VecMathTests@aos@shdfnd@physx@@3T__m128@@B 000000018005a080     Cooking.obj
 0003:00001090       ?maxV3Error@_VecMathTests@aos@shdfnd@physx@@3T__m128@@B 000000018005a090     BVHStructureBuilder.obj
 0003:000010a0       ?minFError@_VecMathTests@aos@shdfnd@physx@@3T__m128@@B 000000018005a0a0     BVHStructureBuilder.obj
 0003:000010b0       ?maxV4Error@_VecMathTests@aos@shdfnd@physx@@3T__m128@@B 000000018005a0b0     BVHStructureBuilder.obj
 0003:000010c0       ?minV4Error@_VecMathTests@aos@shdfnd@physx@@3T__m128@@B 000000018005a0c0     BVHStructureBuilder.obj
 0003:000010d0       ?minV3Error@_VecMathTests@aos@shdfnd@physx@@3T__m128@@B 000000018005a0d0     BVHStructureBuilder.obj
 0003:000010e0       ?maxFError@_VecMathTests@aos@shdfnd@physx@@3T__m128@@B 000000018005a0e0     BVHStructureBuilder.obj
 0003:000010f0       ?maxV3Error@_VecMathTests@aos@shdfnd@physx@@3T__m128@@B 000000018005a0f0     RTreeCooking.obj
 0003:00001100       ?minFError@_VecMathTests@aos@shdfnd@physx@@3T__m128@@B 000000018005a100     RTreeCooking.obj
 0003:00001110       ?maxV4Error@_VecMathTests@aos@shdfnd@physx@@3T__m128@@B 000000018005a110     RTreeCooking.obj
 0003:00001120       ?minV4Error@_VecMathTests@aos@shdfnd@physx@@3T__m128@@B 000000018005a120     RTreeCooking.obj
 0003:00001130       ?minV3Error@_VecMathTests@aos@shdfnd@physx@@3T__m128@@B 000000018005a130     RTreeCooking.obj
 0003:00001140       ?maxFError@_VecMathTests@aos@shdfnd@physx@@3T__m128@@B 000000018005a140     RTreeCooking.obj
 0003:00001150       ?maxV3Error@_VecMathTests@aos@shdfnd@physx@@3T__m128@@B 000000018005a150     MeshBuilder.obj
 0003:00001160       ?minFError@_VecMathTests@aos@shdfnd@physx@@3T__m128@@B 000000018005a160     MeshBuilder.obj
 0003:00001170       ?maxV4Error@_VecMathTests@aos@shdfnd@physx@@3T__m128@@B 000000018005a170     MeshBuilder.obj
 0003:00001180       ?minV4Error@_VecMathTests@aos@shdfnd@physx@@3T__m128@@B 000000018005a180     MeshBuilder.obj
 0003:00001190       ?minV3Error@_VecMathTests@aos@shdfnd@physx@@3T__m128@@B 000000018005a190     MeshBuilder.obj
 0003:000011a0       ?maxFError@_VecMathTests@aos@shdfnd@physx@@3T__m128@@B 000000018005a1a0     MeshBuilder.obj
 0003:000011b0       ?maxV3Error@_VecMathTests@aos@shdfnd@physx@@3T__m128@@B 000000018005a1b0     TriangleMeshBuilder.obj
 0003:000011c0       ?minFError@_VecMathTests@aos@shdfnd@physx@@3T__m128@@B 000000018005a1c0     TriangleMeshBuilder.obj
 0003:000011d0       ?maxV4Error@_VecMathTests@aos@shdfnd@physx@@3T__m128@@B 000000018005a1d0     TriangleMeshBuilder.obj
 0003:000011e0       ?minV4Error@_VecMathTests@aos@shdfnd@physx@@3T__m128@@B 000000018005a1e0     TriangleMeshBuilder.obj
 0003:000011f0       ?minV3Error@_VecMathTests@aos@shdfnd@physx@@3T__m128@@B 000000018005a1f0     TriangleMeshBuilder.obj
 0003:00001200       ?maxFError@_VecMathTests@aos@shdfnd@physx@@3T__m128@@B 000000018005a200     TriangleMeshBuilder.obj
 0003:00001210       ?maxV3Error@_VecMathTests@aos@shdfnd@physx@@3T__m128@@B 000000018005a210     BigConvexDataBuilder.obj
 0003:00001220       ?minFError@_VecMathTests@aos@shdfnd@physx@@3T__m128@@B 000000018005a220     BigConvexDataBuilder.obj
 0003:00001230       ?maxV4Error@_VecMathTests@aos@shdfnd@physx@@3T__m128@@B 000000018005a230     BigConvexDataBuilder.obj
 0003:00001240       ?minV4Error@_VecMathTests@aos@shdfnd@physx@@3T__m128@@B 000000018005a240     BigConvexDataBuilder.obj
 0003:00001250       ?minV3Error@_VecMathTests@aos@shdfnd@physx@@3T__m128@@B 000000018005a250     BigConvexDataBuilder.obj
 0003:00001260       ?maxFError@_VecMathTests@aos@shdfnd@physx@@3T__m128@@B 000000018005a260     BigConvexDataBuilder.obj
 0003:00001270       ?maxV3Error@_VecMathTests@aos@shdfnd@physx@@3T__m128@@B 000000018005a270     ConvexHullBuilder.obj
 0003:00001280       ?minFError@_VecMathTests@aos@shdfnd@physx@@3T__m128@@B 000000018005a280     ConvexHullBuilder.obj
 0003:00001290       ?maxV4Error@_VecMathTests@aos@shdfnd@physx@@3T__m128@@B 000000018005a290     ConvexHullBuilder.obj
 0003:000012a0       ?minV4Error@_VecMathTests@aos@shdfnd@physx@@3T__m128@@B 000000018005a2a0     ConvexHullBuilder.obj
 0003:000012b0       ?minV3Error@_VecMathTests@aos@shdfnd@physx@@3T__m128@@B 000000018005a2b0     ConvexHullBuilder.obj
 0003:000012c0       ?maxFError@_VecMathTests@aos@shdfnd@physx@@3T__m128@@B 000000018005a2c0     ConvexHullBuilder.obj
 0003:000012d0       ?maxV3Error@_VecMathTests@aos@shdfnd@physx@@3T__m128@@B 000000018005a2d0     ConvexHullUtils.obj
 0003:000012e0       ?minFError@_VecMathTests@aos@shdfnd@physx@@3T__m128@@B 000000018005a2e0     ConvexHullUtils.obj
 0003:000012f0       ?maxV4Error@_VecMathTests@aos@shdfnd@physx@@3T__m128@@B 000000018005a2f0     ConvexHullUtils.obj
 0003:00001300       ?minV4Error@_VecMathTests@aos@shdfnd@physx@@3T__m128@@B 000000018005a300     ConvexHullUtils.obj
 0003:00001310       ?minV3Error@_VecMathTests@aos@shdfnd@physx@@3T__m128@@B 000000018005a310     ConvexHullUtils.obj
 0003:00001320       ?maxFError@_VecMathTests@aos@shdfnd@physx@@3T__m128@@B 000000018005a320     ConvexHullUtils.obj
 0003:00001330       ?maxV3Error@_VecMathTests@aos@shdfnd@physx@@3T__m128@@B 000000018005a330     ConvexMeshBuilder.obj
 0003:00001340       ?minFError@_VecMathTests@aos@shdfnd@physx@@3T__m128@@B 000000018005a340     ConvexMeshBuilder.obj
 0003:00001350       ?maxV4Error@_VecMathTests@aos@shdfnd@physx@@3T__m128@@B 000000018005a350     ConvexMeshBuilder.obj
 0003:00001360       ?minV4Error@_VecMathTests@aos@shdfnd@physx@@3T__m128@@B 000000018005a360     ConvexMeshBuilder.obj
 0003:00001370       ?minV3Error@_VecMathTests@aos@shdfnd@physx@@3T__m128@@B 000000018005a370     ConvexMeshBuilder.obj
 0003:00001380       ?maxFError@_VecMathTests@aos@shdfnd@physx@@3T__m128@@B 000000018005a380     ConvexMeshBuilder.obj
 0003:00001390       ?maxV3Error@_VecMathTests@aos@shdfnd@physx@@3T__m128@@B 000000018005a390     VolumeIntegration.obj
 0003:000013a0       ?minFError@_VecMathTests@aos@shdfnd@physx@@3T__m128@@B 000000018005a3a0     VolumeIntegration.obj
 0003:000013b0       ?maxV4Error@_VecMathTests@aos@shdfnd@physx@@3T__m128@@B 000000018005a3b0     VolumeIntegration.obj
 0003:000013c0       ?minV4Error@_VecMathTests@aos@shdfnd@physx@@3T__m128@@B 000000018005a3c0     VolumeIntegration.obj
 0003:000013d0       ?minV3Error@_VecMathTests@aos@shdfnd@physx@@3T__m128@@B 000000018005a3d0     VolumeIntegration.obj
 0003:000013e0       ?maxFError@_VecMathTests@aos@shdfnd@physx@@3T__m128@@B 000000018005a3e0     VolumeIntegration.obj
 0003:000013f0       ?gCookingDelayLoadHook@@3PEBVPxDelayLoadHook@physx@@EB 000000018005a3f0     WindowsCookingDelayLoadHook.obj
 0003:00001450       ?__proc_attached@@3HA      000000018005a450     LIBCMT:dll_dllmain.obj
 0003:00001488       ?is_initialized_as_dll@@3_NA 000000018005a488     LIBCMT:utility.obj
 0003:00001489       ?module_local_atexit_table_initialized@@3_NA 000000018005a489     LIBCMT:utility.obj
 0003:00001490       ?module_local_atexit_table@@3U_onexit_table_t@@A 000000018005a490     LIBCMT:utility.obj
 0003:000014a8       ?module_local_at_quick_exit_table@@3U_onexit_table_t@@A 000000018005a4a8     LIBCMT:utility.obj
 0003:00001518       ?heap@@3V_HeapManager@@A   000000018005a518     libvcruntime:undname.obj
 0003:00001540       ?__vcrt_startup_thread_ptd@@3U__vcrt_ptd@@A 000000018005a540     libvcruntime:per_thread_data.obj
 0003:000015c0       __vcrt_lock_table          000000018005a5c0     libvcruntime:locks.obj
 0003:000015e8       __vcrt_locks_initialized   000000018005a5e8     libvcruntime:locks.obj
 0003:000015f0       ?module_handles@@3PAPEAUHINSTANCE__@@A 000000018005a5f0     libvcruntime:winapi_downlevel.obj
 0003:00001608       ?function_pointers@@3PAPEAXA 000000018005a608     libvcruntime:winapi_downlevel.obj
 0003:00001630       ?c_termination_complete@@3JA 000000018005a630     libucrt:exit.obj
 0003:00001638       ?thread_local_exit_callback_func@@3P6AXPEAXK0@ZEA 000000018005a638     libucrt:exit.obj
 0003:00001650       ?program_name@?1???$common_configure_argv@D@@YAHW4_crt_argv_mode@@@Z@4PADA 000000018005a650     libucrt:argv_parsing.obj
 0003:000017b0       ?__acrt_lock_table@@3PAU_RTL_CRITICAL_SECTION@@A 000000018005a7b0     libucrt:locks.obj
 0003:000019e0       ?__acrt_locks_initialized@@3IA 000000018005a9e0     libucrt:locks.obj
 0003:000019e8       ?__acrt_invalid_parameter_handler@@3V?$dual_state_global@P6AXPEB_W00I_K@Z@__crt_state_management@@A 000000018005a9e8     libucrt:invalid_parameter.obj
 0003:00001a08       ?fSystemSet@@3HA           000000018005aa08     libucrt:mbctype.obj
 0003:00001a0c       ?initialized@?1??__acrt_initialize_multibyte@@9@4_NA 000000018005aa0c     libucrt:mbctype.obj
 0003:00001a40       ?module_handles@@3PAPEAUHINSTANCE__@@A 000000018005aa40     libucrt:winapi_thunks.obj
 0003:00001ae0       ?encoded_function_pointers@@3PAPEAXA 000000018005aae0     libucrt:winapi_thunks.obj
 0003:00002008       ?__acrt_new_handler@@3V?$dual_state_global@P6AH_K@Z@__crt_state_management@@A 000000018005b008     libucrt:new_handler.obj
 0003:00002010       ?ctrlc_action@@3V?$dual_state_global@P6AXH@Z@__crt_state_management@@A 000000018005b010     libucrt:signal.obj
 0003:00002018       ?ctrlbreak_action@@3V?$dual_state_global@P6AXH@Z@__crt_state_management@@A 000000018005b018     libucrt:signal.obj
 0003:00002020       ?abort_action@@3V?$dual_state_global@P6AXH@Z@__crt_state_management@@A 000000018005b020     libucrt:signal.obj
 0003:00002028       ?term_action@@3V?$dual_state_global@P6AXH@Z@__crt_state_management@@A 000000018005b028     libucrt:signal.obj
 0003:00002030       ?user_matherr@@3V?$dual_state_global@P6AHPEAU_exception@@@Z@__crt_state_management@@A 000000018005b030     libucrt:matherr.obj
 0003:00002060       ?internal_state@?1??_mbtowc_l@@9@4U_Mbstatet@@A 000000018005b060     libucrt:mbtowc.obj
 0003:00002068       ?enable_percent_n@@3_KA    000000018005b068     libucrt:printf_count_output.obj
 0003:00002074       ?__acrt_global_new_mode@@3V?$dual_state_global@J@__crt_state_management@@A 000000018005b074     libucrt:new_mode.obj
 0003:00002080       ?__acrt_app_type@@3W4_crt_app_type@@A 000000018005b080     libucrt:report_runtime_error.obj
 0003:00002088       ?internal_pst@?1??__mbrtoc32_utf8@__crt_mbstring@@YA_KPEA_UPEBD_KPEAU_Mbstatet@@@Z@4U3@A 000000018005b088     libucrt:mbrtoc32.obj
 0003:00002090       GS_ExceptionRecord         000000018005b090     LIBCMT:gs_report.obj
 0003:00002130       GS_ContextRecord           000000018005b130     LIBCMT:gs_report.obj
 0005:00000000       _2il0floatpacket$19        0000000180060000     LIBCMT:svml_ssinf4_sse2.obj
 0005:00002200       _vmlsSinHATab              0000000180062200     LIBCMT:svml_s_sin_cout.obj
 0005:00002210       MsetTab                    0000000180062210     libvcruntime:memset.obj
 0005:00002260       MoveSmall                  0000000180062260     libvcruntime:memcpy.obj
 0005:000022a0       MoveSmallYmm               00000001800622a0     libvcruntime:memcpy.obj
 0005:000022c4       MoveSmallYmmNT             00000001800622c4     libvcruntime:memcpy.obj
 0005:000022e8       MoveSmallXmm               00000001800622e8     libvcruntime:memcpy.obj
 0006:000000a0       $R000000                   00000001800630a0     PhysXCooking.res
 0006:000003d0       $R000330                   00000001800633d0     PhysXCooking.res
